[13:08:53] [ServerMain/INFO]: Environment: Environment[sessionHost=https://sessionserver.mojang.com, servicesHost=https://api.minecraftservices.com, name=PROD]
[13:08:55] [Worker-Main-4/ERROR]: Invalid path in pack: main:function/job_selection/FallenAngel.mcfunction, ignoring
[13:08:56] [Worker-Main-4/ERROR]: Invalid path in pack: main:function/job_selection/元sword.mcfunction, ignoring
[13:08:56] [Worker-Main-4/ERROR]: Invalid path in pack: main:function/pvp/elf/elf_particle/elf_particle_barrier(1).mcfunction, ignoring
[13:08:56] [Worker-Main-4/ERROR]: Invalid path in pack: main:function/pvp/ticket/mastery copy.mcfunction, ignoring
[13:08:56] [Worker-Main-4/ERROR]: Invalid path in pack: main:function/メモ帳.mcfunction, ignoring
[13:08:56] [Worker-Main-4/ERROR]: Invalid path in pack: main:function/自由帳, ignoring
[13:08:56] [ServerMain/INFO]: Loaded 1373 recipes
[13:08:56] [ServerMain/ERROR]: Failed to load function main:job_selection/shaco
java.util.concurrent.CompletionException: java.lang.IllegalArgumentException: Whilst parsing command on line 9: Unknown item 'minecraft:give' at position 8: give @p <--[HERE]
	at java.base/java.util.concurrent.CompletableFuture.encodeThrowable(CompletableFuture.java:315) ~[?:?]
	at java.base/java.util.concurrent.CompletableFuture.completeThrowable(CompletableFuture.java:320) ~[?:?]
	at java.base/java.util.concurrent.CompletableFuture$AsyncSupply.run(CompletableFuture.java:1770) ~[?:?]
	at avu.b(SourceFile:52) ~[server-1.21.5.jar:?]
	at java.base/java.util.concurrent.ForkJoinTask$RunnableExecuteAction.exec(ForkJoinTask.java:1423) ~[?:?]
	at java.base/java.util.concurrent.ForkJoinTask.doExec(ForkJoinTask.java:387) ~[?:?]
	at java.base/java.util.concurrent.ForkJoinPool$WorkQueue.topLevelExec(ForkJoinPool.java:1312) ~[?:?]
	at java.base/java.util.concurrent.ForkJoinPool.scan(ForkJoinPool.java:1843) ~[?:?]
	at java.base/java.util.concurrent.ForkJoinPool.runWorker(ForkJoinPool.java:1808) ~[?:?]
	at java.base/java.util.concurrent.ForkJoinWorkerThread.run(ForkJoinWorkerThread.java:188) ~[?:?]
Caused by: java.lang.IllegalArgumentException: Whilst parsing command on line 9: Unknown item 'minecraft:give' at position 8: give @p <--[HERE]
	at hy.a(SourceFile:80) ~[server-1.21.5.jar:?]
	at amf.a(SourceFile:87) ~[server-1.21.5.jar:?]
	at java.base/java.util.concurrent.CompletableFuture$AsyncSupply.run(CompletableFuture.java:1768) ~[?:?]
	... 7 more
[13:08:56] [ServerMain/ERROR]: Failed to load function main:pvp/assist/assist_jum/assist_sky_sub
java.util.concurrent.CompletionException: java.lang.IllegalArgumentException: Whilst parsing command on line 4: Expected literal : at position 136: ...e_rod",nbt<--[HERE]
	at java.base/java.util.concurrent.CompletableFuture.encodeThrowable(CompletableFuture.java:315) ~[?:?]
	at java.base/java.util.concurrent.CompletableFuture.completeThrowable(CompletableFuture.java:320) ~[?:?]
	at java.base/java.util.concurrent.CompletableFuture$AsyncSupply.run(CompletableFuture.java:1770) ~[?:?]
	at avu.b(SourceFile:52) ~[server-1.21.5.jar:?]
	at java.base/java.util.concurrent.ForkJoinTask$RunnableExecuteAction.exec(ForkJoinTask.java:1423) ~[?:?]
	at java.base/java.util.concurrent.ForkJoinTask.doExec(ForkJoinTask.java:387) ~[?:?]
	at java.base/java.util.concurrent.ForkJoinPool$WorkQueue.topLevelExec(ForkJoinPool.java:1312) ~[?:?]
	at java.base/java.util.concurrent.ForkJoinPool.scan(ForkJoinPool.java:1843) ~[?:?]
	at java.base/java.util.concurrent.ForkJoinPool.runWorker(ForkJoinPool.java:1808) ~[?:?]
	at java.base/java.util.concurrent.ForkJoinWorkerThread.run(ForkJoinWorkerThread.java:188) ~[?:?]
Caused by: java.lang.IllegalArgumentException: Whilst parsing command on line 4: Expected literal : at position 136: ...e_rod",nbt<--[HERE]
	at hy.a(SourceFile:80) ~[server-1.21.5.jar:?]
	at amf.a(SourceFile:87) ~[server-1.21.5.jar:?]
	at java.base/java.util.concurrent.CompletableFuture$AsyncSupply.run(CompletableFuture.java:1768) ~[?:?]
	... 7 more
[13:08:56] [ServerMain/ERROR]: Failed to load function main:waiting_place/book/occupational_books
java.util.concurrent.CompletionException: java.lang.IllegalArgumentException: Whilst parsing command on line 3: Expected whitespace to end one argument, but found trailing data at position 20: ...itten_book<--[HERE]
	at java.base/java.util.concurrent.CompletableFuture.encodeThrowable(CompletableFuture.java:315) ~[?:?]
	at java.base/java.util.concurrent.CompletableFuture.completeThrowable(CompletableFuture.java:320) ~[?:?]
	at java.base/java.util.concurrent.CompletableFuture$AsyncSupply.run(CompletableFuture.java:1770) ~[?:?]
	at avu.b(SourceFile:52) ~[server-1.21.5.jar:?]
	at java.base/java.util.concurrent.ForkJoinTask$RunnableExecuteAction.exec(ForkJoinTask.java:1423) ~[?:?]
	at java.base/java.util.concurrent.ForkJoinTask.doExec(ForkJoinTask.java:387) ~[?:?]
	at java.base/java.util.concurrent.ForkJoinPool$WorkQueue.topLevelExec(ForkJoinPool.java:1312) ~[?:?]
	at java.base/java.util.concurrent.ForkJoinPool.scan(ForkJoinPool.java:1843) ~[?:?]
	at java.base/java.util.concurrent.ForkJoinPool.runWorker(ForkJoinPool.java:1808) ~[?:?]
	at java.base/java.util.concurrent.ForkJoinWorkerThread.run(ForkJoinWorkerThread.java:188) ~[?:?]
Caused by: java.lang.IllegalArgumentException: Whilst parsing command on line 3: Expected whitespace to end one argument, but found trailing data at position 20: ...itten_book<--[HERE]
	at hy.a(SourceFile:80) ~[server-1.21.5.jar:?]
	at amf.a(SourceFile:87) ~[server-1.21.5.jar:?]
	at java.base/java.util.concurrent.CompletableFuture$AsyncSupply.run(CompletableFuture.java:1768) ~[?:?]
	... 7 more
[13:08:56] [ServerMain/ERROR]: Failed to load function main:first/first_title
java.util.concurrent.CompletionException: java.lang.IllegalArgumentException: Whilst parsing command on line 24: Incorrect argument for command at position 71: ...1 5011 90 <--[HERE]
	at java.base/java.util.concurrent.CompletableFuture.encodeThrowable(CompletableFuture.java:315) ~[?:?]
	at java.base/java.util.concurrent.CompletableFuture.completeThrowable(CompletableFuture.java:320) ~[?:?]
	at java.base/java.util.concurrent.CompletableFuture$AsyncSupply.run(CompletableFuture.java:1770) ~[?:?]
	at avu.b(SourceFile:52) ~[server-1.21.5.jar:?]
	at java.base/java.util.concurrent.ForkJoinTask$RunnableExecuteAction.exec(ForkJoinTask.java:1423) ~[?:?]
	at java.base/java.util.concurrent.ForkJoinTask.doExec(ForkJoinTask.java:387) ~[?:?]
	at java.base/java.util.concurrent.ForkJoinPool$WorkQueue.topLevelExec(ForkJoinPool.java:1312) ~[?:?]
	at java.base/java.util.concurrent.ForkJoinPool.scan(ForkJoinPool.java:1843) ~[?:?]
	at java.base/java.util.concurrent.ForkJoinPool.runWorker(ForkJoinPool.java:1808) ~[?:?]
	at java.base/java.util.concurrent.ForkJoinWorkerThread.run(ForkJoinWorkerThread.java:188) ~[?:?]
Caused by: java.lang.IllegalArgumentException: Whilst parsing command on line 24: Incorrect argument for command at position 71: ...1 5011 90 <--[HERE]
	at hy.a(SourceFile:80) ~[server-1.21.5.jar:?]
	at amf.a(SourceFile:87) ~[server-1.21.5.jar:?]
	at java.base/java.util.concurrent.CompletableFuture$AsyncSupply.run(CompletableFuture.java:1768) ~[?:?]
	... 7 more
[13:08:56] [ServerMain/ERROR]: Failed to load function main:job_selection/bowcopy
java.util.concurrent.CompletionException: java.lang.IllegalArgumentException: Whilst parsing command on line 18: Expected whitespace to end one argument, but found trailing data at position 68: ...:stone_axe<--[HERE]
	at java.base/java.util.concurrent.CompletableFuture.encodeThrowable(CompletableFuture.java:315) ~[?:?]
	at java.base/java.util.concurrent.CompletableFuture.completeThrowable(CompletableFuture.java:320) ~[?:?]
	at java.base/java.util.concurrent.CompletableFuture$AsyncSupply.run(CompletableFuture.java:1770) ~[?:?]
	at avu.b(SourceFile:52) ~[server-1.21.5.jar:?]
	at java.base/java.util.concurrent.ForkJoinTask$RunnableExecuteAction.exec(ForkJoinTask.java:1423) ~[?:?]
	at java.base/java.util.concurrent.ForkJoinTask.doExec(ForkJoinTask.java:387) ~[?:?]
	at java.base/java.util.concurrent.ForkJoinPool$WorkQueue.topLevelExec(ForkJoinPool.java:1312) ~[?:?]
	at java.base/java.util.concurrent.ForkJoinPool.scan(ForkJoinPool.java:1843) ~[?:?]
	at java.base/java.util.concurrent.ForkJoinPool.runWorker(ForkJoinPool.java:1808) ~[?:?]
	at java.base/java.util.concurrent.ForkJoinWorkerThread.run(ForkJoinWorkerThread.java:188) ~[?:?]
Caused by: java.lang.IllegalArgumentException: Whilst parsing command on line 18: Expected whitespace to end one argument, but found trailing data at position 68: ...:stone_axe<--[HERE]
	at hy.a(SourceFile:80) ~[server-1.21.5.jar:?]
	at amf.a(SourceFile:87) ~[server-1.21.5.jar:?]
	at java.base/java.util.concurrent.CompletableFuture$AsyncSupply.run(CompletableFuture.java:1768) ~[?:?]
	... 7 more
[13:08:56] [ServerMain/ERROR]: Failed to load function main:job_selection/musician
java.util.concurrent.CompletionException: java.lang.IllegalArgumentException: Whilst parsing command on line 21: Expected whitespace to end one argument, but found trailing data at position 35: ...on_a_stick<--[HERE]
	at java.base/java.util.concurrent.CompletableFuture.encodeThrowable(CompletableFuture.java:315) ~[?:?]
	at java.base/java.util.concurrent.CompletableFuture.completeThrowable(CompletableFuture.java:320) ~[?:?]
	at java.base/java.util.concurrent.CompletableFuture$AsyncSupply.run(CompletableFuture.java:1770) ~[?:?]
	at avu.b(SourceFile:52) ~[server-1.21.5.jar:?]
	at java.base/java.util.concurrent.ForkJoinTask$RunnableExecuteAction.exec(ForkJoinTask.java:1423) ~[?:?]
	at java.base/java.util.concurrent.ForkJoinTask.doExec(ForkJoinTask.java:387) ~[?:?]
	at java.base/java.util.concurrent.ForkJoinPool$WorkQueue.topLevelExec(ForkJoinPool.java:1312) ~[?:?]
	at java.base/java.util.concurrent.ForkJoinPool.scan(ForkJoinPool.java:1843) ~[?:?]
	at java.base/java.util.concurrent.ForkJoinPool.runWorker(ForkJoinPool.java:1808) ~[?:?]
	at java.base/java.util.concurrent.ForkJoinWorkerThread.run(ForkJoinWorkerThread.java:188) ~[?:?]
Caused by: java.lang.IllegalArgumentException: Whilst parsing command on line 21: Expected whitespace to end one argument, but found trailing data at position 35: ...on_a_stick<--[HERE]
	at hy.a(SourceFile:80) ~[server-1.21.5.jar:?]
	at amf.a(SourceFile:87) ~[server-1.21.5.jar:?]
	at java.base/java.util.concurrent.CompletableFuture$AsyncSupply.run(CompletableFuture.java:1768) ~[?:?]
	... 7 more
[13:08:56] [ServerMain/ERROR]: Failed to load function main:job_selection/swordmaster
java.util.concurrent.CompletionException: java.lang.IllegalArgumentException: Whilst parsing command on line 14: Expected whitespace to end one argument, but found trailing data at position 74: ...iron_sword<--[HERE]
	at java.base/java.util.concurrent.CompletableFuture.encodeThrowable(CompletableFuture.java:315) ~[?:?]
	at java.base/java.util.concurrent.CompletableFuture.completeThrowable(CompletableFuture.java:320) ~[?:?]
	at java.base/java.util.concurrent.CompletableFuture$AsyncSupply.run(CompletableFuture.java:1770) ~[?:?]
	at avu.b(SourceFile:52) ~[server-1.21.5.jar:?]
	at java.base/java.util.concurrent.ForkJoinTask$RunnableExecuteAction.exec(ForkJoinTask.java:1423) ~[?:?]
	at java.base/java.util.concurrent.ForkJoinTask.doExec(ForkJoinTask.java:387) ~[?:?]
	at java.base/java.util.concurrent.ForkJoinPool$WorkQueue.topLevelExec(ForkJoinPool.java:1312) ~[?:?]
	at java.base/java.util.concurrent.ForkJoinPool.scan(ForkJoinPool.java:1843) ~[?:?]
	at java.base/java.util.concurrent.ForkJoinPool.runWorker(ForkJoinPool.java:1808) ~[?:?]
	at java.base/java.util.concurrent.ForkJoinWorkerThread.run(ForkJoinWorkerThread.java:188) ~[?:?]
Caused by: java.lang.IllegalArgumentException: Whilst parsing command on line 14: Expected whitespace to end one argument, but found trailing data at position 74: ...iron_sword<--[HERE]
	at hy.a(SourceFile:80) ~[server-1.21.5.jar:?]
	at amf.a(SourceFile:87) ~[server-1.21.5.jar:?]
	at java.base/java.util.concurrent.CompletableFuture$AsyncSupply.run(CompletableFuture.java:1768) ~[?:?]
	... 7 more
[13:08:56] [ServerMain/ERROR]: Failed to load function main:pvp/sword/throwsword_sub
java.util.concurrent.CompletionException: java.lang.IllegalArgumentException: Whilst parsing command on line 4: Expected whitespace to end one argument, but found trailing data at position 28: ...iron_sword<--[HERE]
	at java.base/java.util.concurrent.CompletableFuture.encodeThrowable(CompletableFuture.java:315) ~[?:?]
	at java.base/java.util.concurrent.CompletableFuture.completeThrowable(CompletableFuture.java:320) ~[?:?]
	at java.base/java.util.concurrent.CompletableFuture$AsyncSupply.run(CompletableFuture.java:1770) ~[?:?]
	at avu.b(SourceFile:52) ~[server-1.21.5.jar:?]
	at java.base/java.util.concurrent.ForkJoinTask$RunnableExecuteAction.exec(ForkJoinTask.java:1423) ~[?:?]
	at java.base/java.util.concurrent.ForkJoinTask.doExec(ForkJoinTask.java:387) ~[?:?]
	at java.base/java.util.concurrent.ForkJoinPool$WorkQueue.topLevelExec(ForkJoinPool.java:1312) ~[?:?]
	at java.base/java.util.concurrent.ForkJoinPool.scan(ForkJoinPool.java:1843) ~[?:?]
	at java.base/java.util.concurrent.ForkJoinPool.runWorker(ForkJoinPool.java:1808) ~[?:?]
	at java.base/java.util.concurrent.ForkJoinWorkerThread.run(ForkJoinWorkerThread.java:188) ~[?:?]
Caused by: java.lang.IllegalArgumentException: Whilst parsing command on line 4: Expected whitespace to end one argument, but found trailing data at position 28: ...iron_sword<--[HERE]
	at hy.a(SourceFile:80) ~[server-1.21.5.jar:?]
	at amf.a(SourceFile:87) ~[server-1.21.5.jar:?]
	at java.base/java.util.concurrent.CompletableFuture$AsyncSupply.run(CompletableFuture.java:1768) ~[?:?]
	... 7 more
[13:08:56] [ServerMain/ERROR]: Failed to load function main:job_selection/fighter
java.util.concurrent.CompletionException: java.lang.IllegalArgumentException: Whilst parsing command on line 20: Unknown or incomplete command, see below for error at position 7: give @p<--[HERE]
	at java.base/java.util.concurrent.CompletableFuture.encodeThrowable(CompletableFuture.java:315) ~[?:?]
	at java.base/java.util.concurrent.CompletableFuture.completeThrowable(CompletableFuture.java:320) ~[?:?]
	at java.base/java.util.concurrent.CompletableFuture$AsyncSupply.run(CompletableFuture.java:1770) ~[?:?]
	at avu.b(SourceFile:52) ~[server-1.21.5.jar:?]
	at java.base/java.util.concurrent.ForkJoinTask$RunnableExecuteAction.exec(ForkJoinTask.java:1423) ~[?:?]
	at java.base/java.util.concurrent.ForkJoinTask.doExec(ForkJoinTask.java:387) ~[?:?]
	at java.base/java.util.concurrent.ForkJoinPool$WorkQueue.topLevelExec(ForkJoinPool.java:1312) ~[?:?]
	at java.base/java.util.concurrent.ForkJoinPool.scan(ForkJoinPool.java:1843) ~[?:?]
	at java.base/java.util.concurrent.ForkJoinPool.runWorker(ForkJoinPool.java:1808) ~[?:?]
	at java.base/java.util.concurrent.ForkJoinWorkerThread.run(ForkJoinWorkerThread.java:188) ~[?:?]
Caused by: java.lang.IllegalArgumentException: Whilst parsing command on line 20: Unknown or incomplete command, see below for error at position 7: give @p<--[HERE]
	at hy.a(SourceFile:80) ~[server-1.21.5.jar:?]
	at amf.a(SourceFile:87) ~[server-1.21.5.jar:?]
	at java.base/java.util.concurrent.CompletableFuture$AsyncSupply.run(CompletableFuture.java:1768) ~[?:?]
	... 7 more
[13:08:56] [ServerMain/ERROR]: Failed to load function main:job_selection/shaman
java.util.concurrent.CompletionException: java.lang.IllegalArgumentException: Whilst parsing command on line 11: Expected whitespace to end one argument, but found trailing data at position 30: ...lden_sword<--[HERE]
	at java.base/java.util.concurrent.CompletableFuture.encodeThrowable(CompletableFuture.java:315) ~[?:?]
	at java.base/java.util.concurrent.CompletableFuture.completeThrowable(CompletableFuture.java:320) ~[?:?]
	at java.base/java.util.concurrent.CompletableFuture$AsyncSupply.run(CompletableFuture.java:1770) ~[?:?]
	at avu.b(SourceFile:52) ~[server-1.21.5.jar:?]
	at java.base/java.util.concurrent.ForkJoinTask$RunnableExecuteAction.exec(ForkJoinTask.java:1423) ~[?:?]
	at java.base/java.util.concurrent.ForkJoinTask.doExec(ForkJoinTask.java:387) ~[?:?]
	at java.base/java.util.concurrent.ForkJoinPool$WorkQueue.topLevelExec(ForkJoinPool.java:1312) ~[?:?]
	at java.base/java.util.concurrent.ForkJoinPool.scan(ForkJoinPool.java:1843) ~[?:?]
	at java.base/java.util.concurrent.ForkJoinPool.runWorker(ForkJoinPool.java:1808) ~[?:?]
	at java.base/java.util.concurrent.ForkJoinWorkerThread.run(ForkJoinWorkerThread.java:188) ~[?:?]
Caused by: java.lang.IllegalArgumentException: Whilst parsing command on line 11: Expected whitespace to end one argument, but found trailing data at position 30: ...lden_sword<--[HERE]
	at hy.a(SourceFile:80) ~[server-1.21.5.jar:?]
	at amf.a(SourceFile:87) ~[server-1.21.5.jar:?]
	at java.base/java.util.concurrent.CompletableFuture$AsyncSupply.run(CompletableFuture.java:1768) ~[?:?]
	... 7 more
[13:08:56] [ServerMain/ERROR]: Failed to load function main:waiting_place/endroll/endroll_sub
java.util.concurrent.CompletionException: java.lang.IllegalArgumentException: Whilst parsing command on line 75: Expected whitespace to end one argument, but found trailing data at position 76: ...nce_bottle<--[HERE]
	at java.base/java.util.concurrent.CompletableFuture.encodeThrowable(CompletableFuture.java:315) ~[?:?]
	at java.base/java.util.concurrent.CompletableFuture.completeThrowable(CompletableFuture.java:320) ~[?:?]
	at java.base/java.util.concurrent.CompletableFuture$AsyncSupply.run(CompletableFuture.java:1770) ~[?:?]
	at avu.b(SourceFile:52) ~[server-1.21.5.jar:?]
	at java.base/java.util.concurrent.ForkJoinTask$RunnableExecuteAction.exec(ForkJoinTask.java:1423) ~[?:?]
	at java.base/java.util.concurrent.ForkJoinTask.doExec(ForkJoinTask.java:387) ~[?:?]
	at java.base/java.util.concurrent.ForkJoinPool$WorkQueue.topLevelExec(ForkJoinPool.java:1312) ~[?:?]
	at java.base/java.util.concurrent.ForkJoinPool.scan(ForkJoinPool.java:1843) ~[?:?]
	at java.base/java.util.concurrent.ForkJoinPool.runWorker(ForkJoinPool.java:1808) ~[?:?]
	at java.base/java.util.concurrent.ForkJoinWorkerThread.run(ForkJoinWorkerThread.java:188) ~[?:?]
Caused by: java.lang.IllegalArgumentException: Whilst parsing command on line 75: Expected whitespace to end one argument, but found trailing data at position 76: ...nce_bottle<--[HERE]
	at hy.a(SourceFile:80) ~[server-1.21.5.jar:?]
	at amf.a(SourceFile:87) ~[server-1.21.5.jar:?]
	at java.base/java.util.concurrent.CompletableFuture$AsyncSupply.run(CompletableFuture.java:1768) ~[?:?]
	... 7 more
[13:08:56] [ServerMain/ERROR]: Failed to load function main:used_tatuzinken
java.util.concurrent.CompletionException: java.lang.IllegalArgumentException: Whilst parsing command on line 1: Unknown or incomplete command, see below for error at position 40: ... at @s run<--[HERE]
	at java.base/java.util.concurrent.CompletableFuture.encodeThrowable(CompletableFuture.java:315) ~[?:?]
	at java.base/java.util.concurrent.CompletableFuture.completeThrowable(CompletableFuture.java:320) ~[?:?]
	at java.base/java.util.concurrent.CompletableFuture$AsyncSupply.run(CompletableFuture.java:1770) ~[?:?]
	at avu.b(SourceFile:52) ~[server-1.21.5.jar:?]
	at java.base/java.util.concurrent.ForkJoinTask$RunnableExecuteAction.exec(ForkJoinTask.java:1423) ~[?:?]
	at java.base/java.util.concurrent.ForkJoinTask.doExec(ForkJoinTask.java:387) ~[?:?]
	at java.base/java.util.concurrent.ForkJoinPool$WorkQueue.topLevelExec(ForkJoinPool.java:1312) ~[?:?]
	at java.base/java.util.concurrent.ForkJoinPool.scan(ForkJoinPool.java:1843) ~[?:?]
	at java.base/java.util.concurrent.ForkJoinPool.runWorker(ForkJoinPool.java:1808) ~[?:?]
	at java.base/java.util.concurrent.ForkJoinWorkerThread.run(ForkJoinWorkerThread.java:188) ~[?:?]
Caused by: java.lang.IllegalArgumentException: Whilst parsing command on line 1: Unknown or incomplete command, see below for error at position 40: ... at @s run<--[HERE]
	at hy.a(SourceFile:80) ~[server-1.21.5.jar:?]
	at amf.a(SourceFile:87) ~[server-1.21.5.jar:?]
	at java.base/java.util.concurrent.CompletableFuture$AsyncSupply.run(CompletableFuture.java:1768) ~[?:?]
	... 7 more
[13:08:56] [ServerMain/ERROR]: Failed to load function main:pvp/musician/musician
java.util.concurrent.CompletionException: java.lang.IllegalArgumentException: Whilst parsing command on line 5: Expected whitespace to end one argument, but found trailing data at position 80: ...disc_chirp<--[HERE]
	at java.base/java.util.concurrent.CompletableFuture.encodeThrowable(CompletableFuture.java:315) ~[?:?]
	at java.base/java.util.concurrent.CompletableFuture.completeThrowable(CompletableFuture.java:320) ~[?:?]
	at java.base/java.util.concurrent.CompletableFuture$AsyncSupply.run(CompletableFuture.java:1770) ~[?:?]
	at avu.b(SourceFile:52) ~[server-1.21.5.jar:?]
	at java.base/java.util.concurrent.ForkJoinTask$RunnableExecuteAction.exec(ForkJoinTask.java:1423) ~[?:?]
	at java.base/java.util.concurrent.ForkJoinTask.doExec(ForkJoinTask.java:387) ~[?:?]
	at java.base/java.util.concurrent.ForkJoinPool$WorkQueue.topLevelExec(ForkJoinPool.java:1312) ~[?:?]
	at java.base/java.util.concurrent.ForkJoinPool.scan(ForkJoinPool.java:1843) ~[?:?]
	at java.base/java.util.concurrent.ForkJoinPool.runWorker(ForkJoinPool.java:1808) ~[?:?]
	at java.base/java.util.concurrent.ForkJoinWorkerThread.run(ForkJoinWorkerThread.java:188) ~[?:?]
Caused by: java.lang.IllegalArgumentException: Whilst parsing command on line 5: Expected whitespace to end one argument, but found trailing data at position 80: ...disc_chirp<--[HERE]
	at hy.a(SourceFile:80) ~[server-1.21.5.jar:?]
	at amf.a(SourceFile:87) ~[server-1.21.5.jar:?]
	at java.base/java.util.concurrent.CompletableFuture$AsyncSupply.run(CompletableFuture.java:1768) ~[?:?]
	... 7 more
[13:08:56] [ServerMain/ERROR]: Failed to load function main:job_selection/set_armor_stand/bowscouter
java.util.concurrent.CompletionException: java.lang.IllegalArgumentException: Whilst parsing command on line 4: Can't find element 'minecraft:minecraftarmor_stand' of type 'minecraft:entity_type' at position 27: ...rmor_stand<--[HERE]
	at java.base/java.util.concurrent.CompletableFuture.encodeThrowable(CompletableFuture.java:315) ~[?:?]
	at java.base/java.util.concurrent.CompletableFuture.completeThrowable(CompletableFuture.java:320) ~[?:?]
	at java.base/java.util.concurrent.CompletableFuture$AsyncSupply.run(CompletableFuture.java:1770) ~[?:?]
	at avu.b(SourceFile:52) ~[server-1.21.5.jar:?]
	at java.base/java.util.concurrent.ForkJoinTask$RunnableExecuteAction.exec(ForkJoinTask.java:1423) ~[?:?]
	at java.base/java.util.concurrent.ForkJoinTask.doExec(ForkJoinTask.java:387) ~[?:?]
	at java.base/java.util.concurrent.ForkJoinPool$WorkQueue.topLevelExec(ForkJoinPool.java:1312) ~[?:?]
	at java.base/java.util.concurrent.ForkJoinPool.scan(ForkJoinPool.java:1843) ~[?:?]
	at java.base/java.util.concurrent.ForkJoinPool.runWorker(ForkJoinPool.java:1808) ~[?:?]
	at java.base/java.util.concurrent.ForkJoinWorkerThread.run(ForkJoinWorkerThread.java:188) ~[?:?]
Caused by: java.lang.IllegalArgumentException: Whilst parsing command on line 4: Can't find element 'minecraft:minecraftarmor_stand' of type 'minecraft:entity_type' at position 27: ...rmor_stand<--[HERE]
	at hy.a(SourceFile:80) ~[server-1.21.5.jar:?]
	at amf.a(SourceFile:87) ~[server-1.21.5.jar:?]
	at java.base/java.util.concurrent.CompletableFuture$AsyncSupply.run(CompletableFuture.java:1768) ~[?:?]
	... 7 more
[13:08:56] [ServerMain/ERROR]: Failed to load function main:gatya
java.util.concurrent.CompletionException: java.lang.IllegalArgumentException: Whilst parsing command on line 5: Unknown option 'tags' at position 14: ...ute as @a[<--[HERE]
	at java.base/java.util.concurrent.CompletableFuture.encodeThrowable(CompletableFuture.java:315) ~[?:?]
	at java.base/java.util.concurrent.CompletableFuture.completeThrowable(CompletableFuture.java:320) ~[?:?]
	at java.base/java.util.concurrent.CompletableFuture$AsyncSupply.run(CompletableFuture.java:1770) ~[?:?]
	at avu.b(SourceFile:52) ~[server-1.21.5.jar:?]
	at java.base/java.util.concurrent.ForkJoinTask$RunnableExecuteAction.exec(ForkJoinTask.java:1423) ~[?:?]
	at java.base/java.util.concurrent.ForkJoinTask.doExec(ForkJoinTask.java:387) ~[?:?]
	at java.base/java.util.concurrent.ForkJoinPool$WorkQueue.topLevelExec(ForkJoinPool.java:1312) ~[?:?]
	at java.base/java.util.concurrent.ForkJoinPool.scan(ForkJoinPool.java:1843) ~[?:?]
	at java.base/java.util.concurrent.ForkJoinPool.runWorker(ForkJoinPool.java:1808) ~[?:?]
	at java.base/java.util.concurrent.ForkJoinWorkerThread.run(ForkJoinWorkerThread.java:188) ~[?:?]
Caused by: java.lang.IllegalArgumentException: Whilst parsing command on line 5: Unknown option 'tags' at position 14: ...ute as @a[<--[HERE]
	at hy.a(SourceFile:80) ~[server-1.21.5.jar:?]
	at amf.a(SourceFile:87) ~[server-1.21.5.jar:?]
	at java.base/java.util.concurrent.CompletableFuture$AsyncSupply.run(CompletableFuture.java:1768) ~[?:?]
	... 7 more
[13:08:56] [ServerMain/ERROR]: Failed to load function main:waiting_place/book/stage_books
java.util.concurrent.CompletionException: java.lang.IllegalArgumentException: Whilst parsing command on line 3: Expected whitespace to end one argument, but found trailing data at position 20: ...itten_book<--[HERE]
	at java.base/java.util.concurrent.CompletableFuture.encodeThrowable(CompletableFuture.java:315) ~[?:?]
	at java.base/java.util.concurrent.CompletableFuture.completeThrowable(CompletableFuture.java:320) ~[?:?]
	at java.base/java.util.concurrent.CompletableFuture$AsyncSupply.run(CompletableFuture.java:1770) ~[?:?]
	at avu.b(SourceFile:52) ~[server-1.21.5.jar:?]
	at java.base/java.util.concurrent.ForkJoinTask$RunnableExecuteAction.exec(ForkJoinTask.java:1423) ~[?:?]
	at java.base/java.util.concurrent.ForkJoinTask.doExec(ForkJoinTask.java:387) ~[?:?]
	at java.base/java.util.concurrent.ForkJoinPool$WorkQueue.topLevelExec(ForkJoinPool.java:1312) ~[?:?]
	at java.base/java.util.concurrent.ForkJoinPool.scan(ForkJoinPool.java:1843) ~[?:?]
	at java.base/java.util.concurrent.ForkJoinPool.runWorker(ForkJoinPool.java:1808) ~[?:?]
	at java.base/java.util.concurrent.ForkJoinWorkerThread.run(ForkJoinWorkerThread.java:188) ~[?:?]
Caused by: java.lang.IllegalArgumentException: Whilst parsing command on line 3: Expected whitespace to end one argument, but found trailing data at position 20: ...itten_book<--[HERE]
	at hy.a(SourceFile:80) ~[server-1.21.5.jar:?]
	at amf.a(SourceFile:87) ~[server-1.21.5.jar:?]
	at java.base/java.util.concurrent.CompletableFuture$AsyncSupply.run(CompletableFuture.java:1768) ~[?:?]
	... 7 more
[13:08:56] [ServerMain/ERROR]: Failed to load function main:pvp/assist2/assist_jum/assist_hallucinations_sub
java.util.concurrent.CompletionException: java.lang.IllegalArgumentException: Whilst parsing command on line 8: Unknown particle: minecraft:ambient_entity_effect at position 84: ...ity_effect<--[HERE]
	at java.base/java.util.concurrent.CompletableFuture.encodeThrowable(CompletableFuture.java:315) ~[?:?]
	at java.base/java.util.concurrent.CompletableFuture.completeThrowable(CompletableFuture.java:320) ~[?:?]
	at java.base/java.util.concurrent.CompletableFuture$AsyncSupply.run(CompletableFuture.java:1770) ~[?:?]
	at avu.b(SourceFile:52) ~[server-1.21.5.jar:?]
	at java.base/java.util.concurrent.ForkJoinTask$RunnableExecuteAction.exec(ForkJoinTask.java:1423) ~[?:?]
	at java.base/java.util.concurrent.ForkJoinTask.doExec(ForkJoinTask.java:387) ~[?:?]
	at java.base/java.util.concurrent.ForkJoinPool$WorkQueue.topLevelExec(ForkJoinPool.java:1312) ~[?:?]
	at java.base/java.util.concurrent.ForkJoinPool.scan(ForkJoinPool.java:1843) ~[?:?]
	at java.base/java.util.concurrent.ForkJoinPool.runWorker(ForkJoinPool.java:1808) ~[?:?]
	at java.base/java.util.concurrent.ForkJoinWorkerThread.run(ForkJoinWorkerThread.java:188) ~[?:?]
Caused by: java.lang.IllegalArgumentException: Whilst parsing command on line 8: Unknown particle: minecraft:ambient_entity_effect at position 84: ...ity_effect<--[HERE]
	at hy.a(SourceFile:80) ~[server-1.21.5.jar:?]
	at amf.a(SourceFile:87) ~[server-1.21.5.jar:?]
	at java.base/java.util.concurrent.CompletableFuture$AsyncSupply.run(CompletableFuture.java:1768) ~[?:?]
	... 7 more
[13:08:56] [ServerMain/ERROR]: Failed to load function main:wizard_jiyucho
java.util.concurrent.CompletionException: java.lang.IllegalArgumentException: Whilst parsing command on line 9: Expected literal : at position 678: ..."敵の周囲を燃やす"<--[HERE]
	at java.base/java.util.concurrent.CompletableFuture.encodeThrowable(CompletableFuture.java:315) ~[?:?]
	at java.base/java.util.concurrent.CompletableFuture.completeThrowable(CompletableFuture.java:320) ~[?:?]
	at java.base/java.util.concurrent.CompletableFuture$AsyncSupply.run(CompletableFuture.java:1770) ~[?:?]
	at avu.b(SourceFile:52) ~[server-1.21.5.jar:?]
	at java.base/java.util.concurrent.ForkJoinTask$RunnableExecuteAction.exec(ForkJoinTask.java:1423) ~[?:?]
	at java.base/java.util.concurrent.ForkJoinTask.doExec(ForkJoinTask.java:387) ~[?:?]
	at java.base/java.util.concurrent.ForkJoinPool$WorkQueue.topLevelExec(ForkJoinPool.java:1312) ~[?:?]
	at java.base/java.util.concurrent.ForkJoinPool.scan(ForkJoinPool.java:1843) ~[?:?]
	at java.base/java.util.concurrent.ForkJoinPool.runWorker(ForkJoinPool.java:1808) ~[?:?]
	at java.base/java.util.concurrent.ForkJoinWorkerThread.run(ForkJoinWorkerThread.java:188) ~[?:?]
Caused by: java.lang.IllegalArgumentException: Whilst parsing command on line 9: Expected literal : at position 678: ..."敵の周囲を燃やす"<--[HERE]
	at hy.a(SourceFile:80) ~[server-1.21.5.jar:?]
	at amf.a(SourceFile:87) ~[server-1.21.5.jar:?]
	at java.base/java.util.concurrent.CompletableFuture$AsyncSupply.run(CompletableFuture.java:1768) ~[?:?]
	... 7 more
[13:08:56] [ServerMain/ERROR]: Failed to load function main:job_selection/rengoku
java.util.concurrent.CompletionException: java.lang.IllegalArgumentException: Whilst parsing command on line 15: Expected whitespace to end one argument, but found trailing data at position 23: ...rite_sword<--[HERE]
	at java.base/java.util.concurrent.CompletableFuture.encodeThrowable(CompletableFuture.java:315) ~[?:?]
	at java.base/java.util.concurrent.CompletableFuture.completeThrowable(CompletableFuture.java:320) ~[?:?]
	at java.base/java.util.concurrent.CompletableFuture$AsyncSupply.run(CompletableFuture.java:1770) ~[?:?]
	at avu.b(SourceFile:52) ~[server-1.21.5.jar:?]
	at java.base/java.util.concurrent.ForkJoinTask$RunnableExecuteAction.exec(ForkJoinTask.java:1423) ~[?:?]
	at java.base/java.util.concurrent.ForkJoinTask.doExec(ForkJoinTask.java:387) ~[?:?]
	at java.base/java.util.concurrent.ForkJoinPool$WorkQueue.topLevelExec(ForkJoinPool.java:1312) ~[?:?]
	at java.base/java.util.concurrent.ForkJoinPool.scan(ForkJoinPool.java:1843) ~[?:?]
	at java.base/java.util.concurrent.ForkJoinPool.runWorker(ForkJoinPool.java:1808) ~[?:?]
	at java.base/java.util.concurrent.ForkJoinWorkerThread.run(ForkJoinWorkerThread.java:188) ~[?:?]
Caused by: java.lang.IllegalArgumentException: Whilst parsing command on line 15: Expected whitespace to end one argument, but found trailing data at position 23: ...rite_sword<--[HERE]
	at hy.a(SourceFile:80) ~[server-1.21.5.jar:?]
	at amf.a(SourceFile:87) ~[server-1.21.5.jar:?]
	at java.base/java.util.concurrent.CompletableFuture$AsyncSupply.run(CompletableFuture.java:1768) ~[?:?]
	... 7 more
[13:08:56] [ServerMain/ERROR]: Failed to load function main:mode/gatiarea/range_line_e
java.util.concurrent.CompletionException: java.lang.IllegalArgumentException: Whilst parsing command on line 4: Can't parse particle options: No key scale in MapLike[{}]; No key color in MapLike[{}]
	at java.base/java.util.concurrent.CompletableFuture.encodeThrowable(CompletableFuture.java:315) ~[?:?]
	at java.base/java.util.concurrent.CompletableFuture.completeThrowable(CompletableFuture.java:320) ~[?:?]
	at java.base/java.util.concurrent.CompletableFuture$AsyncSupply.run(CompletableFuture.java:1770) ~[?:?]
	at avu.b(SourceFile:52) ~[server-1.21.5.jar:?]
	at java.base/java.util.concurrent.ForkJoinTask$RunnableExecuteAction.exec(ForkJoinTask.java:1423) ~[?:?]
	at java.base/java.util.concurrent.ForkJoinTask.doExec(ForkJoinTask.java:387) ~[?:?]
	at java.base/java.util.concurrent.ForkJoinPool$WorkQueue.topLevelExec(ForkJoinPool.java:1312) ~[?:?]
	at java.base/java.util.concurrent.ForkJoinPool.scan(ForkJoinPool.java:1843) ~[?:?]
	at java.base/java.util.concurrent.ForkJoinPool.runWorker(ForkJoinPool.java:1808) ~[?:?]
	at java.base/java.util.concurrent.ForkJoinWorkerThread.run(ForkJoinWorkerThread.java:188) ~[?:?]
Caused by: java.lang.IllegalArgumentException: Whilst parsing command on line 4: Can't parse particle options: No key scale in MapLike[{}]; No key color in MapLike[{}]
	at hy.a(SourceFile:80) ~[server-1.21.5.jar:?]
	at amf.a(SourceFile:87) ~[server-1.21.5.jar:?]
	at java.base/java.util.concurrent.CompletableFuture$AsyncSupply.run(CompletableFuture.java:1768) ~[?:?]
	... 7 more
[13:08:56] [ServerMain/ERROR]: Failed to load function main:mode/gatiarea/range_line_d
java.util.concurrent.CompletionException: java.lang.IllegalArgumentException: Whilst parsing command on line 4: Can't parse particle options: No key scale in MapLike[{}]; No key color in MapLike[{}]
	at java.base/java.util.concurrent.CompletableFuture.encodeThrowable(CompletableFuture.java:315) ~[?:?]
	at java.base/java.util.concurrent.CompletableFuture.completeThrowable(CompletableFuture.java:320) ~[?:?]
	at java.base/java.util.concurrent.CompletableFuture$AsyncSupply.run(CompletableFuture.java:1770) ~[?:?]
	at avu.b(SourceFile:52) ~[server-1.21.5.jar:?]
	at java.base/java.util.concurrent.ForkJoinTask$RunnableExecuteAction.exec(ForkJoinTask.java:1423) ~[?:?]
	at java.base/java.util.concurrent.ForkJoinTask.doExec(ForkJoinTask.java:387) ~[?:?]
	at java.base/java.util.concurrent.ForkJoinPool$WorkQueue.topLevelExec(ForkJoinPool.java:1312) ~[?:?]
	at java.base/java.util.concurrent.ForkJoinPool.scan(ForkJoinPool.java:1843) ~[?:?]
	at java.base/java.util.concurrent.ForkJoinPool.runWorker(ForkJoinPool.java:1808) ~[?:?]
	at java.base/java.util.concurrent.ForkJoinWorkerThread.run(ForkJoinWorkerThread.java:188) ~[?:?]
Caused by: java.lang.IllegalArgumentException: Whilst parsing command on line 4: Can't parse particle options: No key scale in MapLike[{}]; No key color in MapLike[{}]
	at hy.a(SourceFile:80) ~[server-1.21.5.jar:?]
	at amf.a(SourceFile:87) ~[server-1.21.5.jar:?]
	at java.base/java.util.concurrent.CompletableFuture$AsyncSupply.run(CompletableFuture.java:1768) ~[?:?]
	... 7 more
[13:08:56] [ServerMain/ERROR]: Failed to load function main:mode/gatiarea/range_line_c
java.util.concurrent.CompletionException: java.lang.IllegalArgumentException: Whilst parsing command on line 4: Can't parse particle options: No key scale in MapLike[{}]; No key color in MapLike[{}]
	at java.base/java.util.concurrent.CompletableFuture.encodeThrowable(CompletableFuture.java:315) ~[?:?]
	at java.base/java.util.concurrent.CompletableFuture.completeThrowable(CompletableFuture.java:320) ~[?:?]
	at java.base/java.util.concurrent.CompletableFuture$AsyncSupply.run(CompletableFuture.java:1770) ~[?:?]
	at avu.b(SourceFile:52) ~[server-1.21.5.jar:?]
	at java.base/java.util.concurrent.ForkJoinTask$RunnableExecuteAction.exec(ForkJoinTask.java:1423) ~[?:?]
	at java.base/java.util.concurrent.ForkJoinTask.doExec(ForkJoinTask.java:387) ~[?:?]
	at java.base/java.util.concurrent.ForkJoinPool$WorkQueue.topLevelExec(ForkJoinPool.java:1312) ~[?:?]
	at java.base/java.util.concurrent.ForkJoinPool.scan(ForkJoinPool.java:1843) ~[?:?]
	at java.base/java.util.concurrent.ForkJoinPool.runWorker(ForkJoinPool.java:1808) ~[?:?]
	at java.base/java.util.concurrent.ForkJoinWorkerThread.run(ForkJoinWorkerThread.java:188) ~[?:?]
Caused by: java.lang.IllegalArgumentException: Whilst parsing command on line 4: Can't parse particle options: No key scale in MapLike[{}]; No key color in MapLike[{}]
	at hy.a(SourceFile:80) ~[server-1.21.5.jar:?]
	at amf.a(SourceFile:87) ~[server-1.21.5.jar:?]
	at java.base/java.util.concurrent.CompletableFuture$AsyncSupply.run(CompletableFuture.java:1768) ~[?:?]
	... 7 more
[13:08:56] [ServerMain/ERROR]: Failed to load function main:mode/gatiarea/range_line_b
java.util.concurrent.CompletionException: java.lang.IllegalArgumentException: Whilst parsing command on line 4: Can't parse particle options: No key scale in MapLike[{}]; No key color in MapLike[{}]
	at java.base/java.util.concurrent.CompletableFuture.encodeThrowable(CompletableFuture.java:315) ~[?:?]
	at java.base/java.util.concurrent.CompletableFuture.completeThrowable(CompletableFuture.java:320) ~[?:?]
	at java.base/java.util.concurrent.CompletableFuture$AsyncSupply.run(CompletableFuture.java:1770) ~[?:?]
	at avu.b(SourceFile:52) ~[server-1.21.5.jar:?]
	at java.base/java.util.concurrent.ForkJoinTask$RunnableExecuteAction.exec(ForkJoinTask.java:1423) ~[?:?]
	at java.base/java.util.concurrent.ForkJoinTask.doExec(ForkJoinTask.java:387) ~[?:?]
	at java.base/java.util.concurrent.ForkJoinPool$WorkQueue.topLevelExec(ForkJoinPool.java:1312) ~[?:?]
	at java.base/java.util.concurrent.ForkJoinPool.scan(ForkJoinPool.java:1843) ~[?:?]
	at java.base/java.util.concurrent.ForkJoinPool.runWorker(ForkJoinPool.java:1808) ~[?:?]
	at java.base/java.util.concurrent.ForkJoinWorkerThread.run(ForkJoinWorkerThread.java:188) ~[?:?]
Caused by: java.lang.IllegalArgumentException: Whilst parsing command on line 4: Can't parse particle options: No key scale in MapLike[{}]; No key color in MapLike[{}]
	at hy.a(SourceFile:80) ~[server-1.21.5.jar:?]
	at amf.a(SourceFile:87) ~[server-1.21.5.jar:?]
	at java.base/java.util.concurrent.CompletableFuture$AsyncSupply.run(CompletableFuture.java:1768) ~[?:?]
	... 7 more
[13:08:56] [ServerMain/ERROR]: Failed to load function main:mode/gatiarea/range_line_a
java.util.concurrent.CompletionException: java.lang.IllegalArgumentException: Whilst parsing command on line 4: Can't parse particle options: No key scale in MapLike[{}]; No key color in MapLike[{}]
	at java.base/java.util.concurrent.CompletableFuture.encodeThrowable(CompletableFuture.java:315) ~[?:?]
	at java.base/java.util.concurrent.CompletableFuture.completeThrowable(CompletableFuture.java:320) ~[?:?]
	at java.base/java.util.concurrent.CompletableFuture$AsyncSupply.run(CompletableFuture.java:1770) ~[?:?]
	at avu.b(SourceFile:52) ~[server-1.21.5.jar:?]
	at java.base/java.util.concurrent.ForkJoinTask$RunnableExecuteAction.exec(ForkJoinTask.java:1423) ~[?:?]
	at java.base/java.util.concurrent.ForkJoinTask.doExec(ForkJoinTask.java:387) ~[?:?]
	at java.base/java.util.concurrent.ForkJoinPool$WorkQueue.topLevelExec(ForkJoinPool.java:1312) ~[?:?]
	at java.base/java.util.concurrent.ForkJoinPool.scan(ForkJoinPool.java:1843) ~[?:?]
	at java.base/java.util.concurrent.ForkJoinPool.runWorker(ForkJoinPool.java:1808) ~[?:?]
	at java.base/java.util.concurrent.ForkJoinWorkerThread.run(ForkJoinWorkerThread.java:188) ~[?:?]
Caused by: java.lang.IllegalArgumentException: Whilst parsing command on line 4: Can't parse particle options: No key scale in MapLike[{}]; No key color in MapLike[{}]
	at hy.a(SourceFile:80) ~[server-1.21.5.jar:?]
	at amf.a(SourceFile:87) ~[server-1.21.5.jar:?]
	at java.base/java.util.concurrent.CompletableFuture$AsyncSupply.run(CompletableFuture.java:1768) ~[?:?]
	... 7 more
[13:08:56] [ServerMain/INFO]: Loaded 1487 advancements
[13:08:57] [Server thread/INFO]: Starting minecraft server version 1.21.5
[13:08:57] [Server thread/INFO]: Loading properties
[13:08:57] [Server thread/INFO]: Default game type: SURVIVAL
[13:08:57] [Server thread/INFO]: Generating keypair
[13:08:57] [Server thread/INFO]: Starting Minecraft server on *:25565
[13:08:58] [Server thread/INFO]: Using default channel type
[13:08:58] [Server thread/INFO]: Preparing level "world"
[13:08:58] [Server thread/INFO]: Preparing start region for dimension minecraft:overworld
[13:08:58] [Worker-Main-16/INFO]: Preparing spawn area: 0%
[13:08:58] [Server thread/INFO]: Time elapsed: 524 ms
[13:08:58] [Server thread/INFO]: Done (0.696s)! For help, type "help"
[13:09:20] [User Authenticator #1/INFO]: UUID of player sikigami_izumo is e5f93a1f-65a0-4419-ba71-c4fa0983d3f8
[13:09:20] [Server thread/INFO]: sikigami_izumo[/127.0.0.1:54292] logged in with entity id 184 at (29.862056718123654, 1.0, 10006.074165333532)
[13:09:20] [Server thread/INFO]: sikigami_izumo joined the game
[13:23:56] [Server thread/INFO]: [sikigami_izumo: Set display slot sidebar to show objective rating]
[13:27:08] [User Authenticator #2/INFO]: UUID of player jim_good is 0884a556-7508-4624-a6a5-79574dcf7362
[13:27:08] [Server thread/INFO]: jim_good[/127.0.0.1:51929] logged in with entity id 1736 at (30.734777995185667, 1.0, 10015.207868653775)
[13:27:08] [Server thread/INFO]: jim_good joined the game
[13:28:15] [Server thread/INFO]: jim_good was shot by sikigami_izumo using [不見の影弓]
[13:28:21] [Server thread/INFO]: [jim_good: Teleported jim_good to sikigami_izumo]
[13:28:45] [Server thread/INFO]: jim_good was shot by sikigami_izumo using [不見の影弓]
[13:28:47] [Server thread/INFO]: [jim_good: Teleported jim_good to sikigami_izumo]
[13:28:50] [Server thread/INFO]: [sikigami_izumo: Set own game mode to Creative Mode]
[13:29:10] [Server thread/INFO]: jim_good was shot by sikigami_izumo
[13:29:12] [Server thread/INFO]: [jim_good: Teleported jim_good to sikigami_izumo]
[13:29:43] [Server thread/INFO]: [sikigami_izumo: Set own game mode to Survival Mode]
[13:29:52] [Server thread/INFO]: sikigami_izumo was slain by jim_good using [餓狼剣]
[13:30:00] [Server thread/INFO]: jim_good was killed
[13:30:05] [Server thread/INFO]: [jim_good: Teleported jim_good to sikigami_izumo]
[13:30:21] [Server thread/INFO]: sikigami_izumo was slain by jim_good using [『我が腕は鋼鉄』]
[13:31:13] [Server thread/INFO]: sikigami_izumo was slain by jim_good using [『我が腕は鋼鉄』]
[13:31:26] [Server thread/INFO]: jim_good was slain by sikigami_izumo using [『我が腕は鋼鉄』]
[13:31:34] [Server thread/INFO]: [jim_good: Teleported jim_good to sikigami_izumo]
[13:31:56] [Server thread/INFO]: jim_good was slain by sikigami_izumo using [ライト]
[13:31:58] [Server thread/INFO]: [jim_good: Teleported jim_good to sikigami_izumo]
[13:31:59] [Server thread/INFO]: sikigami_izumo was slain by jim_good using [ライト]
[13:33:51] [Server thread/INFO]: jim_good lost connection: Disconnected
[13:33:51] [Server thread/INFO]: jim_good left the game
[13:57:20] [Server thread/INFO]: sikigami_izumo lost connection: Disconnected
[13:57:20] [Server thread/INFO]: sikigami_izumo left the game
[13:58:20] [Server thread/INFO]: Server empty for 60 seconds, pausing
[13:58:22] [User Authenticator #3/INFO]: UUID of player sikigami_izumo is e5f93a1f-65a0-4419-ba71-c4fa0983d3f8
[13:58:22] [Server thread/INFO]: sikigami_izumo[/127.0.0.1:57023] logged in with entity id 2749 at (30.119627669544542, 1.0, 10010.202223798315)
[13:58:22] [Server thread/INFO]: sikigami_izumo joined the game
[14:01:13] [Server thread/INFO]: [sikigami_izumo: Gave 1 [Iron Sword] to sikigami_izumo]
[14:01:39] [Server thread/INFO]: [sikigami_izumo: Set own game mode to Creative Mode]
[14:08:59] [Server thread/INFO]: [sikigami_izumo: Gave 1 [Iron Sword] to sikigami_izumo]
[14:10:42] [Server thread/INFO]: [sikigami_izumo: Reloading!]
[14:10:42] [Worker-Main-39/ERROR]: Invalid path in pack: main:function/job_selection/FallenAngel.mcfunction, ignoring
[14:10:42] [Worker-Main-39/ERROR]: Invalid path in pack: main:function/job_selection/元sword.mcfunction, ignoring
[14:10:42] [Worker-Main-39/ERROR]: Invalid path in pack: main:function/pvp/elf/elf_particle/elf_particle_barrier(1).mcfunction, ignoring
[14:10:42] [Worker-Main-39/ERROR]: Invalid path in pack: main:function/pvp/ticket/mastery copy.mcfunction, ignoring
[14:10:42] [Worker-Main-39/ERROR]: Invalid path in pack: main:function/メモ帳.mcfunction, ignoring
[14:10:42] [Worker-Main-39/ERROR]: Invalid path in pack: main:function/自由帳, ignoring
[14:10:43] [Server thread/INFO]: Loaded 1373 recipes
[14:10:43] [Server thread/ERROR]: Failed to load function main:job_selection/shaco
java.util.concurrent.CompletionException: java.lang.IllegalArgumentException: Whilst parsing command on line 9: Unknown item 'minecraft:give' at position 8: give @p <--[HERE]
	at java.base/java.util.concurrent.CompletableFuture.encodeThrowable(CompletableFuture.java:315) ~[?:?]
	at java.base/java.util.concurrent.CompletableFuture.completeThrowable(CompletableFuture.java:320) ~[?:?]
	at java.base/java.util.concurrent.CompletableFuture$AsyncSupply.run(CompletableFuture.java:1770) ~[?:?]
	at avu.b(SourceFile:52) ~[server-1.21.5.jar:?]
	at java.base/java.util.concurrent.ForkJoinTask$RunnableExecuteAction.exec(ForkJoinTask.java:1423) ~[?:?]
	at java.base/java.util.concurrent.ForkJoinTask.doExec(ForkJoinTask.java:387) ~[?:?]
	at java.base/java.util.concurrent.ForkJoinPool$WorkQueue.topLevelExec(ForkJoinPool.java:1312) ~[?:?]
	at java.base/java.util.concurrent.ForkJoinPool.scan(ForkJoinPool.java:1843) ~[?:?]
	at java.base/java.util.concurrent.ForkJoinPool.runWorker(ForkJoinPool.java:1808) ~[?:?]
	at java.base/java.util.concurrent.ForkJoinWorkerThread.run(ForkJoinWorkerThread.java:188) ~[?:?]
Caused by: java.lang.IllegalArgumentException: Whilst parsing command on line 9: Unknown item 'minecraft:give' at position 8: give @p <--[HERE]
	at hy.a(SourceFile:80) ~[server-1.21.5.jar:?]
	at amf.a(SourceFile:87) ~[server-1.21.5.jar:?]
	at java.base/java.util.concurrent.CompletableFuture$AsyncSupply.run(CompletableFuture.java:1768) ~[?:?]
	... 7 more
[14:10:43] [Server thread/ERROR]: Failed to load function main:pvp/assist/assist_jum/assist_sky_sub
java.util.concurrent.CompletionException: java.lang.IllegalArgumentException: Whilst parsing command on line 4: Expected literal : at position 136: ...e_rod",nbt<--[HERE]
	at java.base/java.util.concurrent.CompletableFuture.encodeThrowable(CompletableFuture.java:315) ~[?:?]
	at java.base/java.util.concurrent.CompletableFuture.completeThrowable(CompletableFuture.java:320) ~[?:?]
	at java.base/java.util.concurrent.CompletableFuture$AsyncSupply.run(CompletableFuture.java:1770) ~[?:?]
	at avu.b(SourceFile:52) ~[server-1.21.5.jar:?]
	at java.base/java.util.concurrent.ForkJoinTask$RunnableExecuteAction.exec(ForkJoinTask.java:1423) ~[?:?]
	at java.base/java.util.concurrent.ForkJoinTask.doExec(ForkJoinTask.java:387) ~[?:?]
	at java.base/java.util.concurrent.ForkJoinPool$WorkQueue.topLevelExec(ForkJoinPool.java:1312) ~[?:?]
	at java.base/java.util.concurrent.ForkJoinPool.scan(ForkJoinPool.java:1843) ~[?:?]
	at java.base/java.util.concurrent.ForkJoinPool.runWorker(ForkJoinPool.java:1808) ~[?:?]
	at java.base/java.util.concurrent.ForkJoinWorkerThread.run(ForkJoinWorkerThread.java:188) ~[?:?]
Caused by: java.lang.IllegalArgumentException: Whilst parsing command on line 4: Expected literal : at position 136: ...e_rod",nbt<--[HERE]
	at hy.a(SourceFile:80) ~[server-1.21.5.jar:?]
	at amf.a(SourceFile:87) ~[server-1.21.5.jar:?]
	at java.base/java.util.concurrent.CompletableFuture$AsyncSupply.run(CompletableFuture.java:1768) ~[?:?]
	... 7 more
[14:10:43] [Server thread/ERROR]: Failed to load function main:waiting_place/book/occupational_books
java.util.concurrent.CompletionException: java.lang.IllegalArgumentException: Whilst parsing command on line 3: Expected whitespace to end one argument, but found trailing data at position 20: ...itten_book<--[HERE]
	at java.base/java.util.concurrent.CompletableFuture.encodeThrowable(CompletableFuture.java:315) ~[?:?]
	at java.base/java.util.concurrent.CompletableFuture.completeThrowable(CompletableFuture.java:320) ~[?:?]
	at java.base/java.util.concurrent.CompletableFuture$AsyncSupply.run(CompletableFuture.java:1770) ~[?:?]
	at avu.b(SourceFile:52) ~[server-1.21.5.jar:?]
	at java.base/java.util.concurrent.ForkJoinTask$RunnableExecuteAction.exec(ForkJoinTask.java:1423) ~[?:?]
	at java.base/java.util.concurrent.ForkJoinTask.doExec(ForkJoinTask.java:387) ~[?:?]
	at java.base/java.util.concurrent.ForkJoinPool$WorkQueue.topLevelExec(ForkJoinPool.java:1312) ~[?:?]
	at java.base/java.util.concurrent.ForkJoinPool.scan(ForkJoinPool.java:1843) ~[?:?]
	at java.base/java.util.concurrent.ForkJoinPool.runWorker(ForkJoinPool.java:1808) ~[?:?]
	at java.base/java.util.concurrent.ForkJoinWorkerThread.run(ForkJoinWorkerThread.java:188) ~[?:?]
Caused by: java.lang.IllegalArgumentException: Whilst parsing command on line 3: Expected whitespace to end one argument, but found trailing data at position 20: ...itten_book<--[HERE]
	at hy.a(SourceFile:80) ~[server-1.21.5.jar:?]
	at amf.a(SourceFile:87) ~[server-1.21.5.jar:?]
	at java.base/java.util.concurrent.CompletableFuture$AsyncSupply.run(CompletableFuture.java:1768) ~[?:?]
	... 7 more
[14:10:43] [Server thread/ERROR]: Failed to load function main:first/first_title
java.util.concurrent.CompletionException: java.lang.IllegalArgumentException: Whilst parsing command on line 24: Incorrect argument for command at position 71: ...1 5011 90 <--[HERE]
	at java.base/java.util.concurrent.CompletableFuture.encodeThrowable(CompletableFuture.java:315) ~[?:?]
	at java.base/java.util.concurrent.CompletableFuture.completeThrowable(CompletableFuture.java:320) ~[?:?]
	at java.base/java.util.concurrent.CompletableFuture$AsyncSupply.run(CompletableFuture.java:1770) ~[?:?]
	at avu.b(SourceFile:52) ~[server-1.21.5.jar:?]
	at java.base/java.util.concurrent.ForkJoinTask$RunnableExecuteAction.exec(ForkJoinTask.java:1423) ~[?:?]
	at java.base/java.util.concurrent.ForkJoinTask.doExec(ForkJoinTask.java:387) ~[?:?]
	at java.base/java.util.concurrent.ForkJoinPool$WorkQueue.topLevelExec(ForkJoinPool.java:1312) ~[?:?]
	at java.base/java.util.concurrent.ForkJoinPool.scan(ForkJoinPool.java:1843) ~[?:?]
	at java.base/java.util.concurrent.ForkJoinPool.runWorker(ForkJoinPool.java:1808) ~[?:?]
	at java.base/java.util.concurrent.ForkJoinWorkerThread.run(ForkJoinWorkerThread.java:188) ~[?:?]
Caused by: java.lang.IllegalArgumentException: Whilst parsing command on line 24: Incorrect argument for command at position 71: ...1 5011 90 <--[HERE]
	at hy.a(SourceFile:80) ~[server-1.21.5.jar:?]
	at amf.a(SourceFile:87) ~[server-1.21.5.jar:?]
	at java.base/java.util.concurrent.CompletableFuture$AsyncSupply.run(CompletableFuture.java:1768) ~[?:?]
	... 7 more
[14:10:43] [Server thread/ERROR]: Failed to load function main:job_selection/bowcopy
java.util.concurrent.CompletionException: java.lang.IllegalArgumentException: Whilst parsing command on line 18: Expected whitespace to end one argument, but found trailing data at position 68: ...:stone_axe<--[HERE]
	at java.base/java.util.concurrent.CompletableFuture.encodeThrowable(CompletableFuture.java:315) ~[?:?]
	at java.base/java.util.concurrent.CompletableFuture.completeThrowable(CompletableFuture.java:320) ~[?:?]
	at java.base/java.util.concurrent.CompletableFuture$AsyncSupply.run(CompletableFuture.java:1770) ~[?:?]
	at avu.b(SourceFile:52) ~[server-1.21.5.jar:?]
	at java.base/java.util.concurrent.ForkJoinTask$RunnableExecuteAction.exec(ForkJoinTask.java:1423) ~[?:?]
	at java.base/java.util.concurrent.ForkJoinTask.doExec(ForkJoinTask.java:387) ~[?:?]
	at java.base/java.util.concurrent.ForkJoinPool$WorkQueue.topLevelExec(ForkJoinPool.java:1312) ~[?:?]
	at java.base/java.util.concurrent.ForkJoinPool.scan(ForkJoinPool.java:1843) ~[?:?]
	at java.base/java.util.concurrent.ForkJoinPool.runWorker(ForkJoinPool.java:1808) ~[?:?]
	at java.base/java.util.concurrent.ForkJoinWorkerThread.run(ForkJoinWorkerThread.java:188) ~[?:?]
Caused by: java.lang.IllegalArgumentException: Whilst parsing command on line 18: Expected whitespace to end one argument, but found trailing data at position 68: ...:stone_axe<--[HERE]
	at hy.a(SourceFile:80) ~[server-1.21.5.jar:?]
	at amf.a(SourceFile:87) ~[server-1.21.5.jar:?]
	at java.base/java.util.concurrent.CompletableFuture$AsyncSupply.run(CompletableFuture.java:1768) ~[?:?]
	... 7 more
[14:10:43] [Server thread/ERROR]: Failed to load function main:job_selection/musician
java.util.concurrent.CompletionException: java.lang.IllegalArgumentException: Whilst parsing command on line 21: Expected whitespace to end one argument, but found trailing data at position 35: ...on_a_stick<--[HERE]
	at java.base/java.util.concurrent.CompletableFuture.encodeThrowable(CompletableFuture.java:315) ~[?:?]
	at java.base/java.util.concurrent.CompletableFuture.completeThrowable(CompletableFuture.java:320) ~[?:?]
	at java.base/java.util.concurrent.CompletableFuture$AsyncSupply.run(CompletableFuture.java:1770) ~[?:?]
	at avu.b(SourceFile:52) ~[server-1.21.5.jar:?]
	at java.base/java.util.concurrent.ForkJoinTask$RunnableExecuteAction.exec(ForkJoinTask.java:1423) ~[?:?]
	at java.base/java.util.concurrent.ForkJoinTask.doExec(ForkJoinTask.java:387) ~[?:?]
	at java.base/java.util.concurrent.ForkJoinPool$WorkQueue.topLevelExec(ForkJoinPool.java:1312) ~[?:?]
	at java.base/java.util.concurrent.ForkJoinPool.scan(ForkJoinPool.java:1843) ~[?:?]
	at java.base/java.util.concurrent.ForkJoinPool.runWorker(ForkJoinPool.java:1808) ~[?:?]
	at java.base/java.util.concurrent.ForkJoinWorkerThread.run(ForkJoinWorkerThread.java:188) ~[?:?]
Caused by: java.lang.IllegalArgumentException: Whilst parsing command on line 21: Expected whitespace to end one argument, but found trailing data at position 35: ...on_a_stick<--[HERE]
	at hy.a(SourceFile:80) ~[server-1.21.5.jar:?]
	at amf.a(SourceFile:87) ~[server-1.21.5.jar:?]
	at java.base/java.util.concurrent.CompletableFuture$AsyncSupply.run(CompletableFuture.java:1768) ~[?:?]
	... 7 more
[14:10:43] [Server thread/ERROR]: Failed to load function main:job_selection/swordmaster
java.util.concurrent.CompletionException: java.lang.IllegalArgumentException: Whilst parsing command on line 14: Expected whitespace to end one argument, but found trailing data at position 74: ...iron_sword<--[HERE]
	at java.base/java.util.concurrent.CompletableFuture.encodeThrowable(CompletableFuture.java:315) ~[?:?]
	at java.base/java.util.concurrent.CompletableFuture.completeThrowable(CompletableFuture.java:320) ~[?:?]
	at java.base/java.util.concurrent.CompletableFuture$AsyncSupply.run(CompletableFuture.java:1770) ~[?:?]
	at avu.b(SourceFile:52) ~[server-1.21.5.jar:?]
	at java.base/java.util.concurrent.ForkJoinTask$RunnableExecuteAction.exec(ForkJoinTask.java:1423) ~[?:?]
	at java.base/java.util.concurrent.ForkJoinTask.doExec(ForkJoinTask.java:387) ~[?:?]
	at java.base/java.util.concurrent.ForkJoinPool$WorkQueue.topLevelExec(ForkJoinPool.java:1312) ~[?:?]
	at java.base/java.util.concurrent.ForkJoinPool.scan(ForkJoinPool.java:1843) ~[?:?]
	at java.base/java.util.concurrent.ForkJoinPool.runWorker(ForkJoinPool.java:1808) ~[?:?]
	at java.base/java.util.concurrent.ForkJoinWorkerThread.run(ForkJoinWorkerThread.java:188) ~[?:?]
Caused by: java.lang.IllegalArgumentException: Whilst parsing command on line 14: Expected whitespace to end one argument, but found trailing data at position 74: ...iron_sword<--[HERE]
	at hy.a(SourceFile:80) ~[server-1.21.5.jar:?]
	at amf.a(SourceFile:87) ~[server-1.21.5.jar:?]
	at java.base/java.util.concurrent.CompletableFuture$AsyncSupply.run(CompletableFuture.java:1768) ~[?:?]
	... 7 more
[14:10:43] [Server thread/ERROR]: Failed to load function main:pvp/sword/throwsword_sub
java.util.concurrent.CompletionException: java.lang.IllegalArgumentException: Whilst parsing command on line 4: Expected whitespace to end one argument, but found trailing data at position 28: ...iron_sword<--[HERE]
	at java.base/java.util.concurrent.CompletableFuture.encodeThrowable(CompletableFuture.java:315) ~[?:?]
	at java.base/java.util.concurrent.CompletableFuture.completeThrowable(CompletableFuture.java:320) ~[?:?]
	at java.base/java.util.concurrent.CompletableFuture$AsyncSupply.run(CompletableFuture.java:1770) ~[?:?]
	at avu.b(SourceFile:52) ~[server-1.21.5.jar:?]
	at java.base/java.util.concurrent.ForkJoinTask$RunnableExecuteAction.exec(ForkJoinTask.java:1423) ~[?:?]
	at java.base/java.util.concurrent.ForkJoinTask.doExec(ForkJoinTask.java:387) ~[?:?]
	at java.base/java.util.concurrent.ForkJoinPool$WorkQueue.topLevelExec(ForkJoinPool.java:1312) ~[?:?]
	at java.base/java.util.concurrent.ForkJoinPool.scan(ForkJoinPool.java:1843) ~[?:?]
	at java.base/java.util.concurrent.ForkJoinPool.runWorker(ForkJoinPool.java:1808) ~[?:?]
	at java.base/java.util.concurrent.ForkJoinWorkerThread.run(ForkJoinWorkerThread.java:188) ~[?:?]
Caused by: java.lang.IllegalArgumentException: Whilst parsing command on line 4: Expected whitespace to end one argument, but found trailing data at position 28: ...iron_sword<--[HERE]
	at hy.a(SourceFile:80) ~[server-1.21.5.jar:?]
	at amf.a(SourceFile:87) ~[server-1.21.5.jar:?]
	at java.base/java.util.concurrent.CompletableFuture$AsyncSupply.run(CompletableFuture.java:1768) ~[?:?]
	... 7 more
[14:10:43] [Server thread/ERROR]: Failed to load function main:job_selection/fighter
java.util.concurrent.CompletionException: java.lang.IllegalArgumentException: Whilst parsing command on line 20: Unknown or incomplete command, see below for error at position 7: give @p<--[HERE]
	at java.base/java.util.concurrent.CompletableFuture.encodeThrowable(CompletableFuture.java:315) ~[?:?]
	at java.base/java.util.concurrent.CompletableFuture.completeThrowable(CompletableFuture.java:320) ~[?:?]
	at java.base/java.util.concurrent.CompletableFuture$AsyncSupply.run(CompletableFuture.java:1770) ~[?:?]
	at avu.b(SourceFile:52) ~[server-1.21.5.jar:?]
	at java.base/java.util.concurrent.ForkJoinTask$RunnableExecuteAction.exec(ForkJoinTask.java:1423) ~[?:?]
	at java.base/java.util.concurrent.ForkJoinTask.doExec(ForkJoinTask.java:387) ~[?:?]
	at java.base/java.util.concurrent.ForkJoinPool$WorkQueue.topLevelExec(ForkJoinPool.java:1312) ~[?:?]
	at java.base/java.util.concurrent.ForkJoinPool.scan(ForkJoinPool.java:1843) ~[?:?]
	at java.base/java.util.concurrent.ForkJoinPool.runWorker(ForkJoinPool.java:1808) ~[?:?]
	at java.base/java.util.concurrent.ForkJoinWorkerThread.run(ForkJoinWorkerThread.java:188) ~[?:?]
Caused by: java.lang.IllegalArgumentException: Whilst parsing command on line 20: Unknown or incomplete command, see below for error at position 7: give @p<--[HERE]
	at hy.a(SourceFile:80) ~[server-1.21.5.jar:?]
	at amf.a(SourceFile:87) ~[server-1.21.5.jar:?]
	at java.base/java.util.concurrent.CompletableFuture$AsyncSupply.run(CompletableFuture.java:1768) ~[?:?]
	... 7 more
[14:10:43] [Server thread/ERROR]: Failed to load function main:job_selection/shaman
java.util.concurrent.CompletionException: java.lang.IllegalArgumentException: Whilst parsing command on line 11: Expected whitespace to end one argument, but found trailing data at position 30: ...lden_sword<--[HERE]
	at java.base/java.util.concurrent.CompletableFuture.encodeThrowable(CompletableFuture.java:315) ~[?:?]
	at java.base/java.util.concurrent.CompletableFuture.completeThrowable(CompletableFuture.java:320) ~[?:?]
	at java.base/java.util.concurrent.CompletableFuture$AsyncSupply.run(CompletableFuture.java:1770) ~[?:?]
	at avu.b(SourceFile:52) ~[server-1.21.5.jar:?]
	at java.base/java.util.concurrent.ForkJoinTask$RunnableExecuteAction.exec(ForkJoinTask.java:1423) ~[?:?]
	at java.base/java.util.concurrent.ForkJoinTask.doExec(ForkJoinTask.java:387) ~[?:?]
	at java.base/java.util.concurrent.ForkJoinPool$WorkQueue.topLevelExec(ForkJoinPool.java:1312) ~[?:?]
	at java.base/java.util.concurrent.ForkJoinPool.scan(ForkJoinPool.java:1843) ~[?:?]
	at java.base/java.util.concurrent.ForkJoinPool.runWorker(ForkJoinPool.java:1808) ~[?:?]
	at java.base/java.util.concurrent.ForkJoinWorkerThread.run(ForkJoinWorkerThread.java:188) ~[?:?]
Caused by: java.lang.IllegalArgumentException: Whilst parsing command on line 11: Expected whitespace to end one argument, but found trailing data at position 30: ...lden_sword<--[HERE]
	at hy.a(SourceFile:80) ~[server-1.21.5.jar:?]
	at amf.a(SourceFile:87) ~[server-1.21.5.jar:?]
	at java.base/java.util.concurrent.CompletableFuture$AsyncSupply.run(CompletableFuture.java:1768) ~[?:?]
	... 7 more
[14:10:43] [Server thread/ERROR]: Failed to load function main:waiting_place/endroll/endroll_sub
java.util.concurrent.CompletionException: java.lang.IllegalArgumentException: Whilst parsing command on line 75: Expected whitespace to end one argument, but found trailing data at position 76: ...nce_bottle<--[HERE]
	at java.base/java.util.concurrent.CompletableFuture.encodeThrowable(CompletableFuture.java:315) ~[?:?]
	at java.base/java.util.concurrent.CompletableFuture.completeThrowable(CompletableFuture.java:320) ~[?:?]
	at java.base/java.util.concurrent.CompletableFuture$AsyncSupply.run(CompletableFuture.java:1770) ~[?:?]
	at avu.b(SourceFile:52) ~[server-1.21.5.jar:?]
	at java.base/java.util.concurrent.ForkJoinTask$RunnableExecuteAction.exec(ForkJoinTask.java:1423) ~[?:?]
	at java.base/java.util.concurrent.ForkJoinTask.doExec(ForkJoinTask.java:387) ~[?:?]
	at java.base/java.util.concurrent.ForkJoinPool$WorkQueue.topLevelExec(ForkJoinPool.java:1312) ~[?:?]
	at java.base/java.util.concurrent.ForkJoinPool.scan(ForkJoinPool.java:1843) ~[?:?]
	at java.base/java.util.concurrent.ForkJoinPool.runWorker(ForkJoinPool.java:1808) ~[?:?]
	at java.base/java.util.concurrent.ForkJoinWorkerThread.run(ForkJoinWorkerThread.java:188) ~[?:?]
Caused by: java.lang.IllegalArgumentException: Whilst parsing command on line 75: Expected whitespace to end one argument, but found trailing data at position 76: ...nce_bottle<--[HERE]
	at hy.a(SourceFile:80) ~[server-1.21.5.jar:?]
	at amf.a(SourceFile:87) ~[server-1.21.5.jar:?]
	at java.base/java.util.concurrent.CompletableFuture$AsyncSupply.run(CompletableFuture.java:1768) ~[?:?]
	... 7 more
[14:10:43] [Server thread/ERROR]: Failed to load function main:used_tatuzinken
java.util.concurrent.CompletionException: java.lang.IllegalArgumentException: Whilst parsing command on line 1: Unknown or incomplete command, see below for error at position 40: ... at @s run<--[HERE]
	at java.base/java.util.concurrent.CompletableFuture.encodeThrowable(CompletableFuture.java:315) ~[?:?]
	at java.base/java.util.concurrent.CompletableFuture.completeThrowable(CompletableFuture.java:320) ~[?:?]
	at java.base/java.util.concurrent.CompletableFuture$AsyncSupply.run(CompletableFuture.java:1770) ~[?:?]
	at avu.b(SourceFile:52) ~[server-1.21.5.jar:?]
	at java.base/java.util.concurrent.ForkJoinTask$RunnableExecuteAction.exec(ForkJoinTask.java:1423) ~[?:?]
	at java.base/java.util.concurrent.ForkJoinTask.doExec(ForkJoinTask.java:387) ~[?:?]
	at java.base/java.util.concurrent.ForkJoinPool$WorkQueue.topLevelExec(ForkJoinPool.java:1312) ~[?:?]
	at java.base/java.util.concurrent.ForkJoinPool.scan(ForkJoinPool.java:1843) ~[?:?]
	at java.base/java.util.concurrent.ForkJoinPool.runWorker(ForkJoinPool.java:1808) ~[?:?]
	at java.base/java.util.concurrent.ForkJoinWorkerThread.run(ForkJoinWorkerThread.java:188) ~[?:?]
Caused by: java.lang.IllegalArgumentException: Whilst parsing command on line 1: Unknown or incomplete command, see below for error at position 40: ... at @s run<--[HERE]
	at hy.a(SourceFile:80) ~[server-1.21.5.jar:?]
	at amf.a(SourceFile:87) ~[server-1.21.5.jar:?]
	at java.base/java.util.concurrent.CompletableFuture$AsyncSupply.run(CompletableFuture.java:1768) ~[?:?]
	... 7 more
[14:10:43] [Server thread/ERROR]: Failed to load function main:pvp/musician/musician
java.util.concurrent.CompletionException: java.lang.IllegalArgumentException: Whilst parsing command on line 5: Expected whitespace to end one argument, but found trailing data at position 80: ...disc_chirp<--[HERE]
	at java.base/java.util.concurrent.CompletableFuture.encodeThrowable(CompletableFuture.java:315) ~[?:?]
	at java.base/java.util.concurrent.CompletableFuture.completeThrowable(CompletableFuture.java:320) ~[?:?]
	at java.base/java.util.concurrent.CompletableFuture$AsyncSupply.run(CompletableFuture.java:1770) ~[?:?]
	at avu.b(SourceFile:52) ~[server-1.21.5.jar:?]
	at java.base/java.util.concurrent.ForkJoinTask$RunnableExecuteAction.exec(ForkJoinTask.java:1423) ~[?:?]
	at java.base/java.util.concurrent.ForkJoinTask.doExec(ForkJoinTask.java:387) ~[?:?]
	at java.base/java.util.concurrent.ForkJoinPool$WorkQueue.topLevelExec(ForkJoinPool.java:1312) ~[?:?]
	at java.base/java.util.concurrent.ForkJoinPool.scan(ForkJoinPool.java:1843) ~[?:?]
	at java.base/java.util.concurrent.ForkJoinPool.runWorker(ForkJoinPool.java:1808) ~[?:?]
	at java.base/java.util.concurrent.ForkJoinWorkerThread.run(ForkJoinWorkerThread.java:188) ~[?:?]
Caused by: java.lang.IllegalArgumentException: Whilst parsing command on line 5: Expected whitespace to end one argument, but found trailing data at position 80: ...disc_chirp<--[HERE]
	at hy.a(SourceFile:80) ~[server-1.21.5.jar:?]
	at amf.a(SourceFile:87) ~[server-1.21.5.jar:?]
	at java.base/java.util.concurrent.CompletableFuture$AsyncSupply.run(CompletableFuture.java:1768) ~[?:?]
	... 7 more
[14:10:43] [Server thread/ERROR]: Failed to load function main:job_selection/set_armor_stand/bowscouter
java.util.concurrent.CompletionException: java.lang.IllegalArgumentException: Whilst parsing command on line 4: Can't find element 'minecraft:minecraftarmor_stand' of type 'minecraft:entity_type' at position 27: ...rmor_stand<--[HERE]
	at java.base/java.util.concurrent.CompletableFuture.encodeThrowable(CompletableFuture.java:315) ~[?:?]
	at java.base/java.util.concurrent.CompletableFuture.completeThrowable(CompletableFuture.java:320) ~[?:?]
	at java.base/java.util.concurrent.CompletableFuture$AsyncSupply.run(CompletableFuture.java:1770) ~[?:?]
	at avu.b(SourceFile:52) ~[server-1.21.5.jar:?]
	at java.base/java.util.concurrent.ForkJoinTask$RunnableExecuteAction.exec(ForkJoinTask.java:1423) ~[?:?]
	at java.base/java.util.concurrent.ForkJoinTask.doExec(ForkJoinTask.java:387) ~[?:?]
	at java.base/java.util.concurrent.ForkJoinPool$WorkQueue.topLevelExec(ForkJoinPool.java:1312) ~[?:?]
	at java.base/java.util.concurrent.ForkJoinPool.scan(ForkJoinPool.java:1843) ~[?:?]
	at java.base/java.util.concurrent.ForkJoinPool.runWorker(ForkJoinPool.java:1808) ~[?:?]
	at java.base/java.util.concurrent.ForkJoinWorkerThread.run(ForkJoinWorkerThread.java:188) ~[?:?]
Caused by: java.lang.IllegalArgumentException: Whilst parsing command on line 4: Can't find element 'minecraft:minecraftarmor_stand' of type 'minecraft:entity_type' at position 27: ...rmor_stand<--[HERE]
	at hy.a(SourceFile:80) ~[server-1.21.5.jar:?]
	at amf.a(SourceFile:87) ~[server-1.21.5.jar:?]
	at java.base/java.util.concurrent.CompletableFuture$AsyncSupply.run(CompletableFuture.java:1768) ~[?:?]
	... 7 more
[14:10:43] [Server thread/ERROR]: Failed to load function main:gatya
java.util.concurrent.CompletionException: java.lang.IllegalArgumentException: Whilst parsing command on line 5: Unknown option 'tags' at position 14: ...ute as @a[<--[HERE]
	at java.base/java.util.concurrent.CompletableFuture.encodeThrowable(CompletableFuture.java:315) ~[?:?]
	at java.base/java.util.concurrent.CompletableFuture.completeThrowable(CompletableFuture.java:320) ~[?:?]
	at java.base/java.util.concurrent.CompletableFuture$AsyncSupply.run(CompletableFuture.java:1770) ~[?:?]
	at avu.b(SourceFile:52) ~[server-1.21.5.jar:?]
	at java.base/java.util.concurrent.ForkJoinTask$RunnableExecuteAction.exec(ForkJoinTask.java:1423) ~[?:?]
	at java.base/java.util.concurrent.ForkJoinTask.doExec(ForkJoinTask.java:387) ~[?:?]
	at java.base/java.util.concurrent.ForkJoinPool$WorkQueue.topLevelExec(ForkJoinPool.java:1312) ~[?:?]
	at java.base/java.util.concurrent.ForkJoinPool.scan(ForkJoinPool.java:1843) ~[?:?]
	at java.base/java.util.concurrent.ForkJoinPool.runWorker(ForkJoinPool.java:1808) ~[?:?]
	at java.base/java.util.concurrent.ForkJoinWorkerThread.run(ForkJoinWorkerThread.java:188) ~[?:?]
Caused by: java.lang.IllegalArgumentException: Whilst parsing command on line 5: Unknown option 'tags' at position 14: ...ute as @a[<--[HERE]
	at hy.a(SourceFile:80) ~[server-1.21.5.jar:?]
	at amf.a(SourceFile:87) ~[server-1.21.5.jar:?]
	at java.base/java.util.concurrent.CompletableFuture$AsyncSupply.run(CompletableFuture.java:1768) ~[?:?]
	... 7 more
[14:10:43] [Server thread/ERROR]: Failed to load function main:waiting_place/book/stage_books
java.util.concurrent.CompletionException: java.lang.IllegalArgumentException: Whilst parsing command on line 3: Expected whitespace to end one argument, but found trailing data at position 20: ...itten_book<--[HERE]
	at java.base/java.util.concurrent.CompletableFuture.encodeThrowable(CompletableFuture.java:315) ~[?:?]
	at java.base/java.util.concurrent.CompletableFuture.completeThrowable(CompletableFuture.java:320) ~[?:?]
	at java.base/java.util.concurrent.CompletableFuture$AsyncSupply.run(CompletableFuture.java:1770) ~[?:?]
	at avu.b(SourceFile:52) ~[server-1.21.5.jar:?]
	at java.base/java.util.concurrent.ForkJoinTask$RunnableExecuteAction.exec(ForkJoinTask.java:1423) ~[?:?]
	at java.base/java.util.concurrent.ForkJoinTask.doExec(ForkJoinTask.java:387) ~[?:?]
	at java.base/java.util.concurrent.ForkJoinPool$WorkQueue.topLevelExec(ForkJoinPool.java:1312) ~[?:?]
	at java.base/java.util.concurrent.ForkJoinPool.scan(ForkJoinPool.java:1843) ~[?:?]
	at java.base/java.util.concurrent.ForkJoinPool.runWorker(ForkJoinPool.java:1808) ~[?:?]
	at java.base/java.util.concurrent.ForkJoinWorkerThread.run(ForkJoinWorkerThread.java:188) ~[?:?]
Caused by: java.lang.IllegalArgumentException: Whilst parsing command on line 3: Expected whitespace to end one argument, but found trailing data at position 20: ...itten_book<--[HERE]
	at hy.a(SourceFile:80) ~[server-1.21.5.jar:?]
	at amf.a(SourceFile:87) ~[server-1.21.5.jar:?]
	at java.base/java.util.concurrent.CompletableFuture$AsyncSupply.run(CompletableFuture.java:1768) ~[?:?]
	... 7 more
[14:10:43] [Server thread/ERROR]: Failed to load function main:pvp/assist2/assist_jum/assist_hallucinations_sub
java.util.concurrent.CompletionException: java.lang.IllegalArgumentException: Whilst parsing command on line 8: Unknown particle: minecraft:ambient_entity_effect at position 84: ...ity_effect<--[HERE]
	at java.base/java.util.concurrent.CompletableFuture.encodeThrowable(CompletableFuture.java:315) ~[?:?]
	at java.base/java.util.concurrent.CompletableFuture.completeThrowable(CompletableFuture.java:320) ~[?:?]
	at java.base/java.util.concurrent.CompletableFuture$AsyncSupply.run(CompletableFuture.java:1770) ~[?:?]
	at avu.b(SourceFile:52) ~[server-1.21.5.jar:?]
	at java.base/java.util.concurrent.ForkJoinTask$RunnableExecuteAction.exec(ForkJoinTask.java:1423) ~[?:?]
	at java.base/java.util.concurrent.ForkJoinTask.doExec(ForkJoinTask.java:387) ~[?:?]
	at java.base/java.util.concurrent.ForkJoinPool$WorkQueue.topLevelExec(ForkJoinPool.java:1312) ~[?:?]
	at java.base/java.util.concurrent.ForkJoinPool.scan(ForkJoinPool.java:1843) ~[?:?]
	at java.base/java.util.concurrent.ForkJoinPool.runWorker(ForkJoinPool.java:1808) ~[?:?]
	at java.base/java.util.concurrent.ForkJoinWorkerThread.run(ForkJoinWorkerThread.java:188) ~[?:?]
Caused by: java.lang.IllegalArgumentException: Whilst parsing command on line 8: Unknown particle: minecraft:ambient_entity_effect at position 84: ...ity_effect<--[HERE]
	at hy.a(SourceFile:80) ~[server-1.21.5.jar:?]
	at amf.a(SourceFile:87) ~[server-1.21.5.jar:?]
	at java.base/java.util.concurrent.CompletableFuture$AsyncSupply.run(CompletableFuture.java:1768) ~[?:?]
	... 7 more
[14:10:43] [Server thread/ERROR]: Failed to load function main:wizard_jiyucho
java.util.concurrent.CompletionException: java.lang.IllegalArgumentException: Whilst parsing command on line 9: Expected literal : at position 678: ..."敵の周囲を燃やす"<--[HERE]
	at java.base/java.util.concurrent.CompletableFuture.encodeThrowable(CompletableFuture.java:315) ~[?:?]
	at java.base/java.util.concurrent.CompletableFuture.completeThrowable(CompletableFuture.java:320) ~[?:?]
	at java.base/java.util.concurrent.CompletableFuture$AsyncSupply.run(CompletableFuture.java:1770) ~[?:?]
	at avu.b(SourceFile:52) ~[server-1.21.5.jar:?]
	at java.base/java.util.concurrent.ForkJoinTask$RunnableExecuteAction.exec(ForkJoinTask.java:1423) ~[?:?]
	at java.base/java.util.concurrent.ForkJoinTask.doExec(ForkJoinTask.java:387) ~[?:?]
	at java.base/java.util.concurrent.ForkJoinPool$WorkQueue.topLevelExec(ForkJoinPool.java:1312) ~[?:?]
	at java.base/java.util.concurrent.ForkJoinPool.scan(ForkJoinPool.java:1843) ~[?:?]
	at java.base/java.util.concurrent.ForkJoinPool.runWorker(ForkJoinPool.java:1808) ~[?:?]
	at java.base/java.util.concurrent.ForkJoinWorkerThread.run(ForkJoinWorkerThread.java:188) ~[?:?]
Caused by: java.lang.IllegalArgumentException: Whilst parsing command on line 9: Expected literal : at position 678: ..."敵の周囲を燃やす"<--[HERE]
	at hy.a(SourceFile:80) ~[server-1.21.5.jar:?]
	at amf.a(SourceFile:87) ~[server-1.21.5.jar:?]
	at java.base/java.util.concurrent.CompletableFuture$AsyncSupply.run(CompletableFuture.java:1768) ~[?:?]
	... 7 more
[14:10:43] [Server thread/ERROR]: Failed to load function main:job_selection/rengoku
java.util.concurrent.CompletionException: java.lang.IllegalArgumentException: Whilst parsing command on line 15: Expected whitespace to end one argument, but found trailing data at position 23: ...rite_sword<--[HERE]
	at java.base/java.util.concurrent.CompletableFuture.encodeThrowable(CompletableFuture.java:315) ~[?:?]
	at java.base/java.util.concurrent.CompletableFuture.completeThrowable(CompletableFuture.java:320) ~[?:?]
	at java.base/java.util.concurrent.CompletableFuture$AsyncSupply.run(CompletableFuture.java:1770) ~[?:?]
	at avu.b(SourceFile:52) ~[server-1.21.5.jar:?]
	at java.base/java.util.concurrent.ForkJoinTask$RunnableExecuteAction.exec(ForkJoinTask.java:1423) ~[?:?]
	at java.base/java.util.concurrent.ForkJoinTask.doExec(ForkJoinTask.java:387) ~[?:?]
	at java.base/java.util.concurrent.ForkJoinPool$WorkQueue.topLevelExec(ForkJoinPool.java:1312) ~[?:?]
	at java.base/java.util.concurrent.ForkJoinPool.scan(ForkJoinPool.java:1843) ~[?:?]
	at java.base/java.util.concurrent.ForkJoinPool.runWorker(ForkJoinPool.java:1808) ~[?:?]
	at java.base/java.util.concurrent.ForkJoinWorkerThread.run(ForkJoinWorkerThread.java:188) ~[?:?]
Caused by: java.lang.IllegalArgumentException: Whilst parsing command on line 15: Expected whitespace to end one argument, but found trailing data at position 23: ...rite_sword<--[HERE]
	at hy.a(SourceFile:80) ~[server-1.21.5.jar:?]
	at amf.a(SourceFile:87) ~[server-1.21.5.jar:?]
	at java.base/java.util.concurrent.CompletableFuture$AsyncSupply.run(CompletableFuture.java:1768) ~[?:?]
	... 7 more
[14:10:43] [Server thread/ERROR]: Failed to load function main:mode/gatiarea/range_line_e
java.util.concurrent.CompletionException: java.lang.IllegalArgumentException: Whilst parsing command on line 4: Can't parse particle options: No key scale in MapLike[{}]; No key color in MapLike[{}]
	at java.base/java.util.concurrent.CompletableFuture.encodeThrowable(CompletableFuture.java:315) ~[?:?]
	at java.base/java.util.concurrent.CompletableFuture.completeThrowable(CompletableFuture.java:320) ~[?:?]
	at java.base/java.util.concurrent.CompletableFuture$AsyncSupply.run(CompletableFuture.java:1770) ~[?:?]
	at avu.b(SourceFile:52) ~[server-1.21.5.jar:?]
	at java.base/java.util.concurrent.ForkJoinTask$RunnableExecuteAction.exec(ForkJoinTask.java:1423) ~[?:?]
	at java.base/java.util.concurrent.ForkJoinTask.doExec(ForkJoinTask.java:387) ~[?:?]
	at java.base/java.util.concurrent.ForkJoinPool$WorkQueue.topLevelExec(ForkJoinPool.java:1312) ~[?:?]
	at java.base/java.util.concurrent.ForkJoinPool.scan(ForkJoinPool.java:1843) ~[?:?]
	at java.base/java.util.concurrent.ForkJoinPool.runWorker(ForkJoinPool.java:1808) ~[?:?]
	at java.base/java.util.concurrent.ForkJoinWorkerThread.run(ForkJoinWorkerThread.java:188) ~[?:?]
Caused by: java.lang.IllegalArgumentException: Whilst parsing command on line 4: Can't parse particle options: No key scale in MapLike[{}]; No key color in MapLike[{}]
	at hy.a(SourceFile:80) ~[server-1.21.5.jar:?]
	at amf.a(SourceFile:87) ~[server-1.21.5.jar:?]
	at java.base/java.util.concurrent.CompletableFuture$AsyncSupply.run(CompletableFuture.java:1768) ~[?:?]
	... 7 more
[14:10:43] [Server thread/ERROR]: Failed to load function main:mode/gatiarea/range_line_d
java.util.concurrent.CompletionException: java.lang.IllegalArgumentException: Whilst parsing command on line 4: Can't parse particle options: No key scale in MapLike[{}]; No key color in MapLike[{}]
	at java.base/java.util.concurrent.CompletableFuture.encodeThrowable(CompletableFuture.java:315) ~[?:?]
	at java.base/java.util.concurrent.CompletableFuture.completeThrowable(CompletableFuture.java:320) ~[?:?]
	at java.base/java.util.concurrent.CompletableFuture$AsyncSupply.run(CompletableFuture.java:1770) ~[?:?]
	at avu.b(SourceFile:52) ~[server-1.21.5.jar:?]
	at java.base/java.util.concurrent.ForkJoinTask$RunnableExecuteAction.exec(ForkJoinTask.java:1423) ~[?:?]
	at java.base/java.util.concurrent.ForkJoinTask.doExec(ForkJoinTask.java:387) ~[?:?]
	at java.base/java.util.concurrent.ForkJoinPool$WorkQueue.topLevelExec(ForkJoinPool.java:1312) ~[?:?]
	at java.base/java.util.concurrent.ForkJoinPool.scan(ForkJoinPool.java:1843) ~[?:?]
	at java.base/java.util.concurrent.ForkJoinPool.runWorker(ForkJoinPool.java:1808) ~[?:?]
	at java.base/java.util.concurrent.ForkJoinWorkerThread.run(ForkJoinWorkerThread.java:188) ~[?:?]
Caused by: java.lang.IllegalArgumentException: Whilst parsing command on line 4: Can't parse particle options: No key scale in MapLike[{}]; No key color in MapLike[{}]
	at hy.a(SourceFile:80) ~[server-1.21.5.jar:?]
	at amf.a(SourceFile:87) ~[server-1.21.5.jar:?]
	at java.base/java.util.concurrent.CompletableFuture$AsyncSupply.run(CompletableFuture.java:1768) ~[?:?]
	... 7 more
[14:10:43] [Server thread/ERROR]: Failed to load function main:mode/gatiarea/range_line_c
java.util.concurrent.CompletionException: java.lang.IllegalArgumentException: Whilst parsing command on line 4: Can't parse particle options: No key scale in MapLike[{}]; No key color in MapLike[{}]
	at java.base/java.util.concurrent.CompletableFuture.encodeThrowable(CompletableFuture.java:315) ~[?:?]
	at java.base/java.util.concurrent.CompletableFuture.completeThrowable(CompletableFuture.java:320) ~[?:?]
	at java.base/java.util.concurrent.CompletableFuture$AsyncSupply.run(CompletableFuture.java:1770) ~[?:?]
	at avu.b(SourceFile:52) ~[server-1.21.5.jar:?]
	at java.base/java.util.concurrent.ForkJoinTask$RunnableExecuteAction.exec(ForkJoinTask.java:1423) ~[?:?]
	at java.base/java.util.concurrent.ForkJoinTask.doExec(ForkJoinTask.java:387) ~[?:?]
	at java.base/java.util.concurrent.ForkJoinPool$WorkQueue.topLevelExec(ForkJoinPool.java:1312) ~[?:?]
	at java.base/java.util.concurrent.ForkJoinPool.scan(ForkJoinPool.java:1843) ~[?:?]
	at java.base/java.util.concurrent.ForkJoinPool.runWorker(ForkJoinPool.java:1808) ~[?:?]
	at java.base/java.util.concurrent.ForkJoinWorkerThread.run(ForkJoinWorkerThread.java:188) ~[?:?]
Caused by: java.lang.IllegalArgumentException: Whilst parsing command on line 4: Can't parse particle options: No key scale in MapLike[{}]; No key color in MapLike[{}]
	at hy.a(SourceFile:80) ~[server-1.21.5.jar:?]
	at amf.a(SourceFile:87) ~[server-1.21.5.jar:?]
	at java.base/java.util.concurrent.CompletableFuture$AsyncSupply.run(CompletableFuture.java:1768) ~[?:?]
	... 7 more
[14:10:43] [Server thread/ERROR]: Failed to load function main:mode/gatiarea/range_line_b
java.util.concurrent.CompletionException: java.lang.IllegalArgumentException: Whilst parsing command on line 4: Can't parse particle options: No key scale in MapLike[{}]; No key color in MapLike[{}]
	at java.base/java.util.concurrent.CompletableFuture.encodeThrowable(CompletableFuture.java:315) ~[?:?]
	at java.base/java.util.concurrent.CompletableFuture.completeThrowable(CompletableFuture.java:320) ~[?:?]
	at java.base/java.util.concurrent.CompletableFuture$AsyncSupply.run(CompletableFuture.java:1770) ~[?:?]
	at avu.b(SourceFile:52) ~[server-1.21.5.jar:?]
	at java.base/java.util.concurrent.ForkJoinTask$RunnableExecuteAction.exec(ForkJoinTask.java:1423) ~[?:?]
	at java.base/java.util.concurrent.ForkJoinTask.doExec(ForkJoinTask.java:387) ~[?:?]
	at java.base/java.util.concurrent.ForkJoinPool$WorkQueue.topLevelExec(ForkJoinPool.java:1312) ~[?:?]
	at java.base/java.util.concurrent.ForkJoinPool.scan(ForkJoinPool.java:1843) ~[?:?]
	at java.base/java.util.concurrent.ForkJoinPool.runWorker(ForkJoinPool.java:1808) ~[?:?]
	at java.base/java.util.concurrent.ForkJoinWorkerThread.run(ForkJoinWorkerThread.java:188) ~[?:?]
Caused by: java.lang.IllegalArgumentException: Whilst parsing command on line 4: Can't parse particle options: No key scale in MapLike[{}]; No key color in MapLike[{}]
	at hy.a(SourceFile:80) ~[server-1.21.5.jar:?]
	at amf.a(SourceFile:87) ~[server-1.21.5.jar:?]
	at java.base/java.util.concurrent.CompletableFuture$AsyncSupply.run(CompletableFuture.java:1768) ~[?:?]
	... 7 more
[14:10:43] [Server thread/ERROR]: Failed to load function main:mode/gatiarea/range_line_a
java.util.concurrent.CompletionException: java.lang.IllegalArgumentException: Whilst parsing command on line 4: Can't parse particle options: No key scale in MapLike[{}]; No key color in MapLike[{}]
	at java.base/java.util.concurrent.CompletableFuture.encodeThrowable(CompletableFuture.java:315) ~[?:?]
	at java.base/java.util.concurrent.CompletableFuture.completeThrowable(CompletableFuture.java:320) ~[?:?]
	at java.base/java.util.concurrent.CompletableFuture$AsyncSupply.run(CompletableFuture.java:1770) ~[?:?]
	at avu.b(SourceFile:52) ~[server-1.21.5.jar:?]
	at java.base/java.util.concurrent.ForkJoinTask$RunnableExecuteAction.exec(ForkJoinTask.java:1423) ~[?:?]
	at java.base/java.util.concurrent.ForkJoinTask.doExec(ForkJoinTask.java:387) ~[?:?]
	at java.base/java.util.concurrent.ForkJoinPool$WorkQueue.topLevelExec(ForkJoinPool.java:1312) ~[?:?]
	at java.base/java.util.concurrent.ForkJoinPool.scan(ForkJoinPool.java:1843) ~[?:?]
	at java.base/java.util.concurrent.ForkJoinPool.runWorker(ForkJoinPool.java:1808) ~[?:?]
	at java.base/java.util.concurrent.ForkJoinWorkerThread.run(ForkJoinWorkerThread.java:188) ~[?:?]
Caused by: java.lang.IllegalArgumentException: Whilst parsing command on line 4: Can't parse particle options: No key scale in MapLike[{}]; No key color in MapLike[{}]
	at hy.a(SourceFile:80) ~[server-1.21.5.jar:?]
	at amf.a(SourceFile:87) ~[server-1.21.5.jar:?]
	at java.base/java.util.concurrent.CompletableFuture$AsyncSupply.run(CompletableFuture.java:1768) ~[?:?]
	... 7 more
[14:10:43] [Server thread/INFO]: Loaded 1487 advancements
[14:18:37] [Server thread/INFO]: Named entity cps['画中人'/3795, l='ServerLevel[PVP_world]', x=30.79, y=6.00, z=10041.27] died: 画中人 was killed
[14:18:37] [Server thread/INFO]: Named entity cps['画中人'/3796, l='ServerLevel[PVP_world]', x=31.45, y=6.00, z=10038.67] died: 画中人 was killed
[14:57:07] [User Authenticator #4/INFO]: UUID of player jim_good is 0884a556-7508-4624-a6a5-79574dcf7362
[14:57:08] [Server thread/INFO]: jim_good[/127.0.0.1:49317] logged in with entity id 4048 at (28.951282736300726, 1.0, 10022.811037728954)
[14:57:08] [Server thread/INFO]: jim_good joined the game
[14:57:11] [Server thread/INFO]: Stopping the server
[14:57:11] [Server thread/INFO]: Stopping server
[14:57:11] [Server thread/INFO]: Saving players
[14:57:11] [Server thread/INFO]: Saving worlds
[14:57:11] [Server thread/INFO]: Saving chunks for level 'ServerLevel[PVP_world]'/minecraft:overworld
[14:57:11] [Server thread/INFO]: ThreadedAnvilChunkStorage (world): All chunks are saved
[14:57:11] [Server thread/INFO]: ThreadedAnvilChunkStorage: All dimensions are saved
